Oct 22 19:06:34 master1 systemd-modules-load[519]: Inserted module 'msr'
Oct 22 19:06:34 master1 systemd-modules-load[519]: Inserted module 'ipmi_devintf'
Oct 22 19:06:34 master1 lvm[504]:   1 logical volume(s) in volume group "ubuntu-vg" monitored
Oct 22 19:06:34 master1 systemd[1]: Mounted FUSE Control File System.
Oct 22 19:06:34 master1 systemd[1]: Mounted Kernel Configuration File System.
Oct 22 19:06:34 master1 systemd[1]: Finished Load/Save Random Seed.
Oct 22 19:06:34 master1 systemd[1]: Finished Apply Kernel Variables.
Oct 22 19:06:34 master1 systemd[1]: Condition check resulted in First Boot Complete being skipped.
Oct 22 19:06:34 master1 systemd[1]: Reached target Swaps.
Oct 22 19:06:34 master1 systemd[1]: Starting Flush Journal to Persistent Storage...
Oct 22 19:06:34 master1 systemd[1]: Finished Create System Users.
Oct 22 19:06:34 master1 systemd[1]: Starting Create Static Device Nodes in /dev...
Oct 22 19:06:34 master1 systemd[1]: Finished Flush Journal to Persistent Storage.
Oct 22 19:06:34 master1 multipathd[540]: --------start up--------
Oct 22 19:06:34 master1 kernel: [    0.000000] Linux version 5.15.0-43-generic (buildd@lcy02-amd64-076) (gcc (Ubuntu 11.2.0-19ubuntu1) 11.2.0, GNU ld (GNU Binutils for Ubuntu) 2.38) #46-Ubuntu SMP Tue Jul 12 10:30:17 UTC 2022 (Ubuntu 5.15.0-43.46-generic 5.15.39)
Oct 22 19:06:34 master1 kernel: [    0.000000] Command line: BOOT_IMAGE=/vmlinuz-5.15.0-43-generic root=/dev/mapper/ubuntu--vg-ubuntu--lv ro
Oct 22 19:06:34 master1 kernel: [    0.000000] KERNEL supported cpus:
Oct 22 19:06:34 master1 kernel: [    0.000000]   Intel GenuineIntel
Oct 22 19:06:34 master1 kernel: [    0.000000]   AMD AuthenticAMD
Oct 22 19:06:34 master1 kernel: [    0.000000]   Hygon HygonGenuine
Oct 22 19:06:34 master1 kernel: [    0.000000]   Centaur CentaurHauls
Oct 22 19:06:34 master1 kernel: [    0.000000]   zhaoxin   Shanghai  
Oct 22 19:06:34 master1 kernel: [    0.000000] [Firmware Bug]: TSC doesn't count with P0 frequency!
Oct 22 19:06:34 master1 kernel: [    0.000000] x86/fpu: Supporting XSAVE feature 0x001: 'x87 floating point registers'
Oct 22 19:06:34 master1 kernel: [    0.000000] x86/fpu: Supporting XSAVE feature 0x002: 'SSE registers'
Oct 22 19:06:34 master1 kernel: [    0.000000] x86/fpu: Supporting XSAVE feature 0x004: 'AVX registers'
Oct 22 19:06:34 master1 kernel: [    0.000000] x86/fpu: xstate_offset[2]:  576, xstate_sizes[2]:  256
Oct 22 19:06:34 master1 kernel: [    0.000000] x86/fpu: Enabled xstate features 0x7, context size is 832 bytes, using 'compacted' format.
Oct 22 19:06:34 master1 kernel: [    0.000000] signal: max sigframe size: 1776
Oct 22 19:06:34 master1 kernel: [    0.000000] BIOS-provided physical RAM map:
Oct 22 19:06:34 master1 kernel: [    0.000000] BIOS-e820: [mem 0x0000000000000000-0x000000000009e7ff] usable
Oct 22 19:06:34 master1 kernel: [    0.000000] BIOS-e820: [mem 0x000000000009e800-0x000000000009ffff] reserved
Oct 22 19:06:34 master1 kernel: [    0.000000] BIOS-e820: [mem 0x00000000000dc000-0x00000000000fffff] reserved
Oct 22 19:06:34 master1 kernel: [    0.000000] BIOS-e820: [mem 0x0000000000100000-0x00000000bfecffff] usable
Oct 22 19:06:34 master1 kernel: [    0.000000] BIOS-e820: [mem 0x00000000bfed0000-0x00000000bfefefff] ACPI data
Oct 22 19:06:34 master1 kernel: [    0.000000] BIOS-e820: [mem 0x00000000bfeff000-0x00000000bfefffff] ACPI NVS
Oct 22 19:06:34 master1 kernel: [    0.000000] BIOS-e820: [mem 0x00000000bff00000-0x00000000bfffffff] usable
Oct 22 19:06:34 master1 kernel: [    0.000000] BIOS-e820: [mem 0x00000000f0000000-0x00000000f7ffffff] reserved
Oct 22 19:06:34 master1 kernel: [    0.000000] BIOS-e820: [mem 0x00000000fec00000-0x00000000fec0ffff] reserved
Oct 22 19:06:34 master1 kernel: [    0.000000] BIOS-e820: [mem 0x00000000fee00000-0x00000000fee00fff] reserved
Oct 22 19:06:34 master1 multipathd[540]: read /etc/multipath.conf
Oct 22 19:06:34 master1 systemd[1]: Finished Create Static Device Nodes in /dev.
Oct 22 19:06:34 master1 systemd[1]: Starting Rule-based Manager for Device Events and Files...
Oct 22 19:06:34 master1 multipathd[540]: path checkers start up
Oct 22 19:06:34 master1 multipathd[540]: sda: failed to get udev uid: No data available
Oct 22 19:06:34 master1 systemd[1]: Started Device-Mapper Multipath Device Controller.
Oct 22 19:06:34 master1 systemd[1]: Reached target Preparation for Local File Systems.
Oct 22 19:06:34 master1 systemd[1]: Mounting Mount unit for core20, revision 1587...
Oct 22 19:06:34 master1 systemd[1]: Mounting Mount unit for lxd, revision 22923...
Oct 22 19:06:34 master1 systemd[1]: Mounting Mount unit for snapd, revision 16292...
Oct 22 19:06:34 master1 systemd[1]: Mounted Mount unit for core20, revision 1587.
Oct 22 19:06:34 master1 systemd[1]: Mounted Mount unit for lxd, revision 22923.
Oct 22 19:06:34 master1 systemd[1]: Mounted Mount unit for snapd, revision 16292.
Oct 22 19:06:34 master1 systemd[1]: Started Rule-based Manager for Device Events and Files.
Oct 22 19:06:34 master1 systemd[1]: Finished Coldplug All udev Devices.
Oct 22 19:06:34 master1 systemd[1]: Condition check resulted in Show Plymouth Boot Screen being skipped.
Oct 22 19:06:34 master1 systemd[1]: Started Dispatch Password Requests to Console Directory Watch.
Oct 22 19:06:34 master1 systemd[1]: Condition check resulted in Forward Password Requests to Plymouth Directory Watch being skipped.
Oct 22 19:06:34 master1 systemd[1]: Reached target Local Encrypted Volumes.
Oct 22 19:06:34 master1 systemd-udevd[562]: Using default interface naming scheme 'v249'.
Oct 22 19:06:34 master1 multipath: sda: failed to get sysfs uid: Invalid argument
Oct 22 19:06:34 master1 multipath: sda: failed to get sgio uid: No such file or directory
Oct 22 19:06:34 master1 systemd-udevd[569]: sda: Process '/usr/bin/unshare -m /usr/bin/snap auto-import --mount=/dev/sda' failed with exit code 1.
Oct 22 19:06:34 master1 systemd-udevd[566]: sda3: Process '/usr/bin/unshare -m /usr/bin/snap auto-import --mount=/dev/sda3' failed with exit code 1.
Oct 22 19:06:34 master1 systemd-udevd[575]: sda2: Process '/usr/bin/unshare -m /usr/bin/snap auto-import --mount=/dev/sda2' failed with exit code 1.
Oct 22 19:06:34 master1 systemd[1]: Found device VMware_Virtual_S 2.
Oct 22 19:06:34 master1 systemd[1]: Created slice Slice /system/lvm2-pvscan.
Oct 22 19:06:34 master1 systemd[1]: Starting LVM event activation on device 8:3...
Oct 22 19:06:34 master1 systemd[1]: Starting File System Check on /dev/disk/by-uuid/b825bfbf-088c-4f9b-8f26-d1a275aaadc8...
Oct 22 19:06:34 master1 systemd[1]: Started File System Check Daemon to report status.
Oct 22 19:06:34 master1 systemd-fsck[626]: /dev/sda2: clean, 316/131072 files, 58192/524288 blocks
Oct 22 19:06:34 master1 systemd[1]: Finished File System Check on /dev/disk/by-uuid/b825bfbf-088c-4f9b-8f26-d1a275aaadc8.
Oct 22 19:06:34 master1 systemd[1]: Mounting /boot...
Oct 22 19:06:34 master1 lvm[622]:   pvscan[622] PV /dev/sda3 online, VG ubuntu-vg is complete.
Oct 22 19:06:34 master1 lvm[622]:   pvscan[622] VG ubuntu-vg skip autoactivation.
Oct 22 19:06:34 master1 systemd-udevd[569]: sda1: Process '/usr/bin/unshare -m /usr/bin/snap auto-import --mount=/dev/sda1' failed with exit code 1.
Oct 22 19:06:34 master1 systemd[1]: Mounted /boot.
Oct 22 19:06:34 master1 systemd[1]: Reached target Local File Systems.
Oct 22 19:06:34 master1 systemd[1]: Starting Load AppArmor profiles...
Oct 22 19:06:34 master1 systemd[1]: Starting Set console font and keymap...
Oct 22 19:06:34 master1 systemd[1]: Starting Create final runtime dir for shutdown pivot root...
Oct 22 19:06:34 master1 systemd[1]: Starting Tell Plymouth To Write Out Runtime Data...
Oct 22 19:06:34 master1 systemd[1]: Condition check resulted in Set Up Additional Binary Formats being skipped.
Oct 22 19:06:34 master1 systemd[1]: Condition check resulted in Store a System Token in an EFI Variable being skipped.
Oct 22 19:06:34 master1 systemd[1]: Condition check resulted in Commit a transient machine-id on disk being skipped.
Oct 22 19:06:34 master1 systemd[1]: Starting Create Volatile Files and Directories...
Oct 22 19:06:34 master1 systemd[1]: Starting Uncomplicated firewall...
Oct 22 19:06:34 master1 systemd[1]: Finished LVM event activation on device 8:3.
Oct 22 19:06:34 master1 systemd[1]: Finished Create final runtime dir for shutdown pivot root.
Oct 22 19:06:34 master1 systemd[1]: Finished Tell Plymouth To Write Out Runtime Data.
Oct 22 19:06:34 master1 systemd[1]: Finished Uncomplicated firewall.
Oct 22 19:06:34 master1 apparmor.systemd[640]: Restarting AppArmor
Oct 22 19:06:34 master1 apparmor.systemd[640]: Reloading AppArmor profiles
Oct 22 19:06:34 master1 systemd[1]: Finished Create Volatile Files and Directories.
Oct 22 19:06:34 master1 systemd[1]: Starting Network Time Synchronization...
Oct 22 19:06:34 master1 systemd[1]: Starting Record System Boot/Shutdown in UTMP...
Oct 22 19:06:34 master1 systemd[1]: Finished Record System Boot/Shutdown in UTMP.
Oct 22 19:06:34 master1 systemd[1]: Listening on Load/Save RF Kill Switch Status /dev/rfkill Watch.
Oct 22 19:06:34 master1 systemd[1]: Started Network Time Synchronization.
Oct 22 19:06:34 master1 systemd[1]: Reached target System Time Set.
Oct 22 19:06:34 master1 systemd-udevd[559]: dm-0: Process '/usr/bin/unshare -m /usr/bin/snap auto-import --mount=/dev/dm-0' failed with exit code 1.
Oct 22 19:06:34 master1 apparmor.systemd[708]: Skipping profile in /etc/apparmor.d/disable: usr.sbin.rsyslogd
Oct 22 19:06:34 master1 systemd[1]: Reached target Sound Card.
Oct 22 19:06:34 master1 systemd[1]: Finished Load AppArmor profiles.
Oct 22 19:06:34 master1 systemd[1]: Starting Load AppArmor profiles managed internally by snapd...
Oct 22 19:06:34 master1 systemd[1]: Started Authentication service for virtual machines hosted on VMware.
Oct 22 19:06:34 master1 systemd[1]: Started Service for virtual machines hosted on VMware.
Oct 22 19:06:34 master1 systemd[1]: Starting Initial cloud-init job (pre-networking)...
Oct 22 19:06:34 master1 VGAuthService[834]: Pref_Init: Using '/etc/vmware-tools/vgauth.conf' as preferences filepath
Oct 22 19:06:34 master1 VGAuthService[834]: Core dump limit set to -1
Oct 22 19:06:34 master1 VGAuthService[834]: Cannot load message catalog for domain 'VGAuthService', language 'C', catalog dir '/usr/share/open-vm-tools'.
Oct 22 19:06:34 master1 VGAuthService[834]: INIT SERVICE
Oct 22 19:06:34 master1 VGAuthService[834]: Using '/var/lib/vmware/VGAuth/aliasStore' for alias store root directory
Oct 22 19:06:34 master1 VGAuthService[834]: LoadCatalogAndSchema: Using '/etc/vmware-tools/vgauth/schemas' for SAML schemas
Oct 22 19:06:34 master1 VGAuthService[834]: LoadPrefs: Allowing 300 of clock skew for SAML date validation
Oct 22 19:06:34 master1 VGAuthService[834]: SAML_Init: Using xmlsec1 1.2.33 for XML signature support
Oct 22 19:06:34 master1 VGAuthService[834]: ServiceNetworkCreateSocketDir: Created socket directory '/var/run/vmware'
Oct 22 19:06:34 master1 VGAuthService[834]: BEGIN SERVICE
Oct 22 19:06:34 master1 systemd[1]: Finished Set console font and keymap.
Oct 22 19:06:34 master1 multipathd[540]: sda: failed to get udev uid: No data available
Oct 22 19:06:34 master1 multipathd[540]: sda: failed to get path uid
Oct 22 19:06:34 master1 multipathd[540]: uevent trigger error
Oct 22 19:06:34 master1 cloud-init[912]: Cloud-init v. 22.2-0ubuntu1~22.04.3 running 'init-local' at Tue, 22 Oct 2024 19:06:31 +0000. Up 15.54 seconds.
Oct 22 19:06:34 master1 systemd[1]: Finished Initial cloud-init job (pre-networking).
Oct 22 19:06:34 master1 systemd[1]: Reached target Preparation for Network.
Oct 22 19:06:34 master1 systemd[1]: Starting Network Configuration...
Oct 22 19:06:34 master1 systemd-networkd[914]: lo: Link UP
Oct 22 19:06:34 master1 systemd-networkd[914]: lo: Gained carrier
Oct 22 19:06:34 master1 systemd-networkd[914]: Enumeration completed
Oct 22 19:06:34 master1 systemd[1]: Started Network Configuration.
Oct 22 19:06:34 master1 systemd[1]: Starting Wait for Network to be Configured...
Oct 22 19:06:34 master1 systemd[1]: Starting Network Name Resolution...
Oct 22 19:06:34 master1 systemd-networkd[914]: ens33: Link UP
Oct 22 19:06:34 master1 systemd-networkd[914]: ens33: Gained carrier
Oct 22 19:06:34 master1 systemd-resolved[917]: Positive Trust Anchors:
Oct 22 19:06:34 master1 systemd-resolved[917]: . IN DS 20326 8 2 e06d44b80b8f1d39a95c0b0d7c65d08458e880409bbc683457104237c7f8ec8d
Oct 22 19:06:34 master1 systemd-resolved[917]: Negative trust anchors: home.arpa 10.in-addr.arpa 16.172.in-addr.arpa 17.172.in-addr.arpa 18.172.in-addr.arpa 19.172.in-addr.arpa 20.172.in-addr.arpa 21.172.in-addr.arpa 22.172.in-addr.arpa 23.172.in-addr.arpa 24.172.in-addr.arpa 25.172.in-addr.arpa 26.172.in-addr.arpa 27.172.in-addr.arpa 28.172.in-addr.arpa 29.172.in-addr.arpa 30.172.in-addr.arpa 31.172.in-addr.arpa 168.192.in-addr.arpa d.f.ip6.arpa corp home internal intranet lan local private test
Oct 22 19:06:34 master1 systemd-resolved[917]: Using system hostname 'master1'.
Oct 22 19:06:34 master1 systemd[1]: Started Network Name Resolution.
Oct 22 19:06:34 master1 systemd[1]: Reached target Network.
Oct 22 19:06:34 master1 systemd[1]: Reached target Host and Network Name Lookups.
Oct 22 19:06:34 master1 systemd[1]: Finished Load AppArmor profiles managed internally by snapd.
Oct 22 19:06:34 master1 systemd-networkd[914]: ens33: DHCPv4 address 192.168.174.132/24 via 192.168.174.2
Oct 22 19:06:34 master1 systemd-timesyncd[657]: Network configuration changed, trying to establish connection.
Oct 22 19:06:34 master1 systemd-timesyncd[657]: Network configuration changed, trying to establish connection.
Oct 22 19:06:34 master1 systemd-networkd[914]: ens33: Gained IPv6LL
Oct 22 19:06:34 master1 systemd-networkd-wait-online[916]: managing: ens33
Oct 22 19:06:34 master1 systemd-timesyncd[657]: Network configuration changed, trying to establish connection.
Oct 22 19:06:34 master1 systemd[1]: Finished Wait for Network to be Configured.
Oct 22 19:06:34 master1 systemd[1]: Starting Initial cloud-init job (metadata service crawler)...
Oct 22 19:06:34 master1 cloud-init[930]: Cloud-init v. 22.2-0ubuntu1~22.04.3 running 'init' at Tue, 22 Oct 2024 19:06:33 +0000. Up 17.24 seconds.
Oct 22 19:06:34 master1 cloud-init[930]: ci-info: ++++++++++++++++++++++++++++++++++++++Net device info+++++++++++++++++++++++++++++++++++++++
Oct 22 19:06:34 master1 cloud-init[930]: ci-info: +--------+------+-----------------------------+---------------+--------+-------------------+
Oct 22 19:06:34 master1 cloud-init[930]: ci-info: | Device |  Up  |           Address           |      Mask     | Scope  |     Hw-Address    |
Oct 22 19:06:34 master1 cloud-init[930]: ci-info: +--------+------+-----------------------------+---------------+--------+-------------------+
Oct 22 19:06:34 master1 cloud-init[930]: ci-info: | ens33  | True |       192.168.174.132       | 255.255.255.0 | global | 00:0c:29:b6:10:a5 |
Oct 22 19:06:34 master1 cloud-init[930]: ci-info: | ens33  | True | fe80::20c:29ff:feb6:10a5/64 |       .       |  link  | 00:0c:29:b6:10:a5 |
Oct 22 19:06:34 master1 cloud-init[930]: ci-info: |   lo   | True |          127.0.0.1          |   255.0.0.0   |  host  |         .         |
Oct 22 19:06:34 master1 cloud-init[930]: ci-info: |   lo   | True |           ::1/128           |       .       |  host  |         .         |
Oct 22 19:06:34 master1 cloud-init[930]: ci-info: +--------+------+-----------------------------+---------------+--------+-------------------+
Oct 22 19:06:34 master1 cloud-init[930]: ci-info: ++++++++++++++++++++++++++++++++Route IPv4 info++++++++++++++++++++++++++++++++
Oct 22 19:06:34 master1 cloud-init[930]: ci-info: +-------+---------------+---------------+-----------------+-----------+-------+
Oct 22 19:06:34 master1 cloud-init[930]: ci-info: | Route |  Destination  |    Gateway    |     Genmask     | Interface | Flags |
Oct 22 19:06:34 master1 cloud-init[930]: ci-info: +-------+---------------+---------------+-----------------+-----------+-------+
Oct 22 19:06:34 master1 cloud-init[930]: ci-info: |   0   |    0.0.0.0    | 192.168.174.2 |     0.0.0.0     |   ens33   |   UG  |
Oct 22 19:06:34 master1 cloud-init[930]: ci-info: |   1   | 192.168.174.0 |    0.0.0.0    |  255.255.255.0  |   ens33   |   U   |
Oct 22 19:06:34 master1 cloud-init[930]: ci-info: |   2   | 192.168.174.2 |    0.0.0.0    | 255.255.255.255 |   ens33   |   UH  |
Oct 22 19:06:34 master1 cloud-init[930]: ci-info: +-------+---------------+---------------+-----------------+-----------+-------+
Oct 22 19:06:34 master1 cloud-init[930]: ci-info: +++++++++++++++++++Route IPv6 info+++++++++++++++++++
Oct 22 19:06:34 master1 cloud-init[930]: ci-info: +-------+-------------+---------+-----------+-------+
Oct 22 19:06:34 master1 cloud-init[930]: ci-info: | Route | Destination | Gateway | Interface | Flags |
Oct 22 19:06:34 master1 cloud-init[930]: ci-info: +-------+-------------+---------+-----------+-------+
Oct 22 19:06:34 master1 cloud-init[930]: ci-info: |   1   |  fe80::/64  |    ::   |   ens33   |   U   |
Oct 22 19:06:34 master1 cloud-init[930]: ci-info: |   3   |    local    |    ::   |   ens33   |   U   |
Oct 22 19:06:34 master1 cloud-init[930]: ci-info: |   4   |  multicast  |    ::   |   ens33   |   U   |
Oct 22 19:06:34 master1 cloud-init[930]: ci-info: +-------+-------------+---------+-----------+-------+
Oct 22 19:06:34 master1 cloud-init[930]: Generating public/private rsa key pair.
Oct 22 19:06:34 master1 cloud-init[930]: Your identification has been saved in /etc/ssh/ssh_host_rsa_key
Oct 22 19:06:34 master1 cloud-init[930]: Your public key has been saved in /etc/ssh/ssh_host_rsa_key.pub
Oct 22 19:06:34 master1 cloud-init[930]: The key fingerprint is:
Oct 22 19:06:34 master1 cloud-init[930]: SHA256:yXv3JYuyodXg+Fgk5OpJKUvcswM2EoMPua/N6NPMYjs root@master1
Oct 22 19:06:34 master1 cloud-init[930]: The key's randomart image is:
Oct 22 19:06:34 master1 cloud-init[930]: +---[RSA 3072]----+
Oct 22 19:06:34 master1 cloud-init[930]: |                 |
Oct 22 19:06:34 master1 cloud-init[930]: |                 |
Oct 22 19:06:34 master1 cloud-init[930]: | o      .        |
Oct 22 19:06:34 master1 cloud-init[930]: |+ o    + .       |
Oct 22 19:06:34 master1 cloud-init[930]: | + o    S o      |
Oct 22 19:06:34 master1 cloud-init[930]: |. o.+. o * o     |
Oct 22 19:06:34 master1 cloud-init[930]: | .+o+o* o * o . .|
Oct 22 19:06:34 master1 cloud-init[930]: | E.= =.+ B.o o + |
Oct 22 19:06:34 master1 cloud-init[930]: |=+B . +.o oo. o  |
Oct 22 19:06:34 master1 cloud-init[930]: +----[SHA256]-----+
Oct 22 19:06:34 master1 cloud-init[930]: Generating public/private dsa key pair.
Oct 22 19:06:34 master1 cloud-init[930]: Your identification has been saved in /etc/ssh/ssh_host_dsa_key
Oct 22 19:06:34 master1 cloud-init[930]: Your public key has been saved in /etc/ssh/ssh_host_dsa_key.pub
Oct 22 19:06:34 master1 cloud-init[930]: The key fingerprint is:
Oct 22 19:06:34 master1 cloud-init[930]: SHA256:DsLII7Xl0A5T9Ah/zL1aezexYSLlB4NFKJDfWxmrw+U root@master1
Oct 22 19:06:34 master1 cloud-init[930]: The key's randomart image is:
Oct 22 19:06:34 master1 cloud-init[930]: +---[DSA 1024]----+
Oct 22 19:06:34 master1 cloud-init[930]: |  ..+o   oo      |
Oct 22 19:06:34 master1 cloud-init[930]: |   =.=...o.      |
Oct 22 19:06:34 master1 cloud-init[930]: |  = =.=oo ++     |
Oct 22 19:06:34 master1 cloud-init[930]: | o @ .. .+=o     |
Oct 22 19:06:34 master1 cloud-init[930]: |. = = ..S*o =    |
Oct 22 19:06:34 master1 cloud-init[930]: | . . . ==oE+ +   |
Oct 22 19:06:34 master1 cloud-init[930]: |      . o.. +    |
Oct 22 19:06:34 master1 cloud-init[930]: |         . . .   |
Oct 22 19:06:34 master1 cloud-init[930]: |                 |
Oct 22 19:06:34 master1 cloud-init[930]: +----[SHA256]-----+
Oct 22 19:06:34 master1 cloud-init[930]: Generating public/private ecdsa key pair.
Oct 22 19:06:34 master1 cloud-init[930]: Your identification has been saved in /etc/ssh/ssh_host_ecdsa_key
Oct 22 19:06:34 master1 cloud-init[930]: Your public key has been saved in /etc/ssh/ssh_host_ecdsa_key.pub
Oct 22 19:06:34 master1 cloud-init[930]: The key fingerprint is:
Oct 22 19:06:34 master1 cloud-init[930]: SHA256:PAe5HP0oVRz/RPGykdaNYwPuBVJhjFNJl7p/e3vBtY4 root@master1
Oct 22 19:06:34 master1 cloud-init[930]: The key's randomart image is:
Oct 22 19:06:34 master1 cloud-init[930]: +---[ECDSA 256]---+
Oct 22 19:06:34 master1 cloud-init[930]: |          .B@+.oo|
Oct 22 19:06:34 master1 cloud-init[930]: |         oo=+=.=o|
Oct 22 19:06:34 master1 cloud-init[930]: |        + o...% =|
Oct 22 19:06:34 master1 cloud-init[930]: |       o = +.+ O.|
Oct 22 19:06:34 master1 cloud-init[930]: |        S o o.o +|
Oct 22 19:06:34 master1 cloud-init[930]: |         +  .  + |
Oct 22 19:06:34 master1 cloud-init[930]: |             .o .|
Oct 22 19:06:34 master1 cloud-init[930]: |             E..+|
Oct 22 19:06:34 master1 cloud-init[930]: |               +=|
Oct 22 19:06:34 master1 cloud-init[930]: +----[SHA256]-----+
Oct 22 19:06:34 master1 cloud-init[930]: Generating public/private ed25519 key pair.
Oct 22 19:06:34 master1 cloud-init[930]: Your identification has been saved in /etc/ssh/ssh_host_ed25519_key
Oct 22 19:06:34 master1 cloud-init[930]: Your public key has been saved in /etc/ssh/ssh_host_ed25519_key.pub
Oct 22 19:06:34 master1 cloud-init[930]: The key fingerprint is:
Oct 22 19:06:34 master1 cloud-init[930]: SHA256:q496D3e+joVCAXAevg7Yg+B5r692wUFSntFMblFtGpc root@master1
Oct 22 19:06:34 master1 cloud-init[930]: The key's randomart image is:
Oct 22 19:06:34 master1 cloud-init[930]: +--[ED25519 256]--+
Oct 22 19:06:34 master1 cloud-init[930]: |  ..=o+o... .    |
Oct 22 19:06:34 master1 cloud-init[930]: |   =.++o.. E     |
Oct 22 19:06:34 master1 cloud-init[930]: |.   =o.o  =      |
Oct 22 19:06:34 master1 cloud-init[930]: |o+.  o.. .       |
Oct 22 19:06:34 master1 cloud-init[930]: |oo+.o o S        |
Oct 22 19:06:34 master1 cloud-init[930]: |  .+.+   o       |
Oct 22 19:06:34 master1 cloud-init[930]: |    ..+ + o      |
Oct 22 19:06:34 master1 cloud-init[930]: |   ....* =       |
Oct 22 19:06:34 master1 cloud-init[930]: |  .o=+oo+.+.     |
Oct 22 19:06:34 master1 cloud-init[930]: +----[SHA256]-----+
Oct 22 19:06:34 master1 systemd[1]: Finished Initial cloud-init job (metadata service crawler).
Oct 22 19:06:34 master1 systemd[1]: Reached target Cloud-config availability.
Oct 22 19:06:34 master1 systemd[1]: Reached target Network is Online.
Oct 22 19:06:34 master1 systemd[1]: Reached target System Initialization.
Oct 22 19:06:34 master1 systemd[1]: Condition check resulted in Process error reports when automatic reporting is enabled (file watch) being skipped.
Oct 22 19:06:34 master1 systemd[1]: Condition check resulted in Process error reports when automatic reporting is enabled (timer based) being skipped.
Oct 22 19:06:34 master1 systemd[1]: Started Daily apt download activities.
Oct 22 19:06:34 master1 systemd[1]: Started Daily apt upgrade and clean activities.
Oct 22 19:06:34 master1 systemd[1]: Started Daily dpkg database backup timer.
Oct 22 19:06:34 master1 systemd[1]: Started Periodic ext4 Online Metadata Check for All Filesystems.
Oct 22 19:06:34 master1 systemd[1]: Started Discard unused blocks once a week.
Oct 22 19:06:34 master1 systemd[1]: Started Refresh fwupd metadata regularly.
Oct 22 19:06:34 master1 systemd[1]: Started Daily rotation of log files.
Oct 22 19:06:34 master1 systemd[1]: Started Daily man-db regeneration.
Oct 22 19:06:34 master1 systemd[1]: Started Message of the Day.
Oct 22 19:06:34 master1 systemd[1]: Condition check resulted in Timer to automatically fetch and run repair assertions being skipped.
Oct 22 19:06:34 master1 systemd[1]: Started Daily Cleanup of Temporary Directories.
Oct 22 19:06:34 master1 systemd[1]: Started Ubuntu Advantage Timer for running repeated jobs.
Oct 22 19:06:34 master1 systemd[1]: Started Download data for packages that failed at package install time.
Oct 22 19:06:34 master1 systemd[1]: Started Check to see whether there is a new version of Ubuntu available.
Oct 22 19:06:34 master1 systemd[1]: Reached target Path Units.
Oct 22 19:06:34 master1 systemd[1]: Reached target Timer Units.
Oct 22 19:06:34 master1 systemd[1]: Condition check resulted in Unix socket for apport crash forwarding being skipped.
Oct 22 19:06:34 master1 systemd[1]: Listening on cloud-init hotplug hook socket.
Oct 22 19:06:34 master1 systemd[1]: Listening on D-Bus System Message Bus Socket.
Oct 22 19:06:34 master1 systemd[1]: Listening on Open-iSCSI iscsid Socket.
Oct 22 19:06:34 master1 systemd[1]: Starting Socket activation for snappy daemon...
Oct 22 19:06:34 master1 systemd[1]: Listening on UUID daemon activation socket.
Oct 22 19:06:34 master1 systemd[1]: Condition check resulted in Login to default iSCSI targets being skipped.
Oct 22 19:06:34 master1 systemd[1]: Reached target Preparation for Remote File Systems.
Oct 22 19:06:34 master1 systemd[1]: Reached target Remote File Systems.
Oct 22 19:06:34 master1 systemd[1]: Finished Availability of block devices.
Oct 22 19:06:34 master1 systemd[1]: Listening on Socket activation for snappy daemon.
Oct 22 19:06:34 master1 systemd[1]: Reached target Socket Units.
Oct 22 19:06:34 master1 systemd[1]: Reached target Basic System.
Oct 22 19:06:34 master1 systemd[1]: Starting LSB: automatic crash report generation...
Oct 22 19:06:34 master1 systemd[1]: Started Regular background program processing daemon.
Oct 22 19:06:34 master1 systemd[1]: Started D-Bus System Message Bus.
Oct 22 19:06:34 master1 cron[948]: (CRON) INFO (pidfile fd = 3)
Oct 22 19:06:34 master1 systemd[1]: Started Save initial kernel messages after boot.
Oct 22 19:06:34 master1 systemd[1]: Starting Remove Stale Online ext4 Metadata Check Snapshots...
Oct 22 19:06:34 master1 systemd[1]: Condition check resulted in getty on tty2-tty6 if dbus and logind are not available being skipped.
Oct 22 19:06:34 master1 cron[948]: (CRON) INFO (Running @reboot jobs)
Oct 22 19:06:34 master1 systemd[1]: Starting Record successful boot for GRUB...
Oct 22 19:06:34 master1 systemd[1]: Started irqbalance daemon.
Oct 22 19:06:34 master1 systemd[1]: Starting Dispatcher daemon for systemd-networkd...
Oct 22 19:06:34 master1 systemd[1]: Starting Authorization Manager...
Oct 22 19:06:34 master1 dbus-daemon[949]: dbus[949]: Unknown group "power" in message bus configuration file
Oct 22 19:06:34 master1 systemd[1]: Starting Pollinate to seed the pseudo random number generator...
Oct 22 19:06:34 master1 systemd[1]: Starting System Logging Service...
Oct 22 19:06:34 master1 dbus-daemon[949]: [system] AppArmor D-Bus mediation is enabled
Oct 22 19:06:34 master1 systemd[1]: Condition check resulted in Secure Boot updates for DB and DBX being skipped.
Oct 22 19:06:34 master1 systemd[1]: Condition check resulted in Automatically repair incorrect owner/permissions on core devices being skipped.
Oct 22 19:06:34 master1 systemd[1]: Condition check resulted in Wait for the Ubuntu Core chooser trigger being skipped.
Oct 22 19:06:34 master1 systemd[1]: Reached target Preparation for Logins.
Oct 22 19:06:34 master1 systemd[1]: Starting Snap Daemon...
Oct 22 19:06:34 master1 systemd[1]: Starting User Login Management...
Oct 22 19:06:34 master1 systemd[1]: Starting Permit User Sessions...
Oct 22 19:06:34 master1 systemd[1]: Condition check resulted in Thermal Daemon Service being skipped.
Oct 22 19:06:34 master1 systemd[1]: Condition check resulted in Ubuntu Advantage reboot cmds being skipped.
Oct 22 19:06:34 master1 polkitd[958]: started daemon version 0.105 using authority implementation `local' version `0.105'
Oct 22 19:06:34 master1 systemd[1]: Starting Disk Manager...
Oct 22 19:06:34 master1 systemd[1]: Finished Permit User Sessions.
Oct 22 19:06:34 master1 systemd[1]: e2scrub_reap.service: Deactivated successfully.
Oct 22 19:06:34 master1 systemd[1]: Finished Remove Stale Online ext4 Metadata Check Snapshots.
Oct 22 19:06:34 master1 udisksd[968]: udisks daemon version 2.9.4 starting
Oct 22 19:06:34 master1 systemd[1]: grub-common.service: Deactivated successfully.
Oct 22 19:06:34 master1 systemd[1]: Finished Record successful boot for GRUB.
Oct 22 19:06:34 master1 rsyslogd: imuxsock: Acquired UNIX socket '/run/systemd/journal/syslog' (fd 3) from systemd.  [v8.2112.0]
Oct 22 19:06:34 master1 rsyslogd: rsyslogd's groupid changed to 113
Oct 22 19:06:34 master1 rsyslogd: rsyslogd's userid changed to 107
Oct 22 19:06:34 master1 rsyslogd: [origin software="rsyslogd" swVersion="8.2112.0" x-pid="960" x-info="https://www.rsyslog.com"] start
Oct 22 19:06:34 master1 kernel: [    0.000000] BIOS-e820: [mem 0x00000000fffe0000-0x00000000ffffffff] reserved
Oct 22 19:06:34 master1 kernel: [    0.000000] BIOS-e820: [mem 0x0000000100000000-0x0000000101ffffff] usable
Oct 22 19:06:34 master1 kernel: [    0.000000] NX (Execute Disable) protection: active
Oct 22 19:06:34 master1 kernel: [    0.000000] SMBIOS 2.7 present.
Oct 22 19:06:34 master1 kernel: [    0.000000] DMI: VMware, Inc. VMware Virtual Platform/440BX Desktop Reference Platform, BIOS 6.00 11/12/2020
Oct 22 19:06:34 master1 kernel: [    0.000000] vmware: hypercall mode: 0x01
Oct 22 19:06:34 master1 kernel: [    0.000000] Hypervisor detected: VMware
Oct 22 19:06:34 master1 kernel: [    0.000000] vmware: TSC freq read from hypervisor : 3693.052 MHz
Oct 22 19:06:34 master1 kernel: [    0.000000] vmware: Host bus clock speed read from hypervisor : 66000000 Hz
Oct 22 19:06:34 master1 kernel: [    0.000000] vmware: using clock offset of 10395262816 ns
Oct 22 19:06:34 master1 kernel: [    0.000027] tsc: Detected 3693.052 MHz processor
Oct 22 19:06:34 master1 kernel: [    0.001633] e820: update [mem 0x00000000-0x00000fff] usable ==> reserved
Oct 22 19:06:34 master1 kernel: [    0.001637] e820: remove [mem 0x000a0000-0x000fffff] usable
Oct 22 19:06:34 master1 kernel: [    0.001642] last_pfn = 0x102000 max_arch_pfn = 0x400000000
Oct 22 19:06:34 master1 kernel: [    0.001734] x86/PAT: Configuration [0-7]: WB  WC  UC- UC  WB  WP  UC- WT  
Oct 22 19:06:34 master1 kernel: [    0.001750] total RAM covered: 64512M
Oct 22 19:06:34 master1 kernel: [    0.001874] Found optimal setting for mtrr clean up
Oct 22 19:06:34 master1 kernel: [    0.001875]  gran_size: 64K 	chunk_size: 64K 	num_reg: 6  	lose cover RAM: 0G
Oct 22 19:06:34 master1 kernel: [    0.001942] e820: update [mem 0xc0000000-0xffffffff] usable ==> reserved
Oct 22 19:06:34 master1 kernel: [    0.001949] last_pfn = 0xc0000 max_arch_pfn = 0x400000000
Oct 22 19:06:34 master1 kernel: [    0.004269] found SMP MP-table at [mem 0x000f6a70-0x000f6a7f]
Oct 22 19:06:34 master1 kernel: [    0.004286] Using GB pages for direct mapping
Oct 22 19:06:34 master1 kernel: [    0.004446] RAMDISK: [mem 0x2b555000-0x31aa1fff]
Oct 22 19:06:34 master1 kernel: [    0.004454] ACPI: Early table checksum verification disabled
Oct 22 19:06:34 master1 kernel: [    0.004458] ACPI: RSDP 0x00000000000F6A00 000024 (v02 PTLTD )
Oct 22 19:06:34 master1 kernel: [    0.004462] ACPI: XSDT 0x00000000BFEDF633 00005C (v01 INTEL  440BX    06040000 VMW  01324272)
Oct 22 19:06:34 master1 kernel: [    0.004468] ACPI: FACP 0x00000000BFEFEE73 0000F4 (v04 INTEL  440BX    06040000 PTL  000F4240)
Oct 22 19:06:34 master1 kernel: [    0.004474] ACPI: DSDT 0x00000000BFEE0CE2 01E191 (v01 PTLTD  Custom   06040000 MSFT 03000001)
Oct 22 19:06:34 master1 kernel: [    0.004497] ACPI: FACS 0x00000000BFEFFFC0 000040
Oct 22 19:06:34 master1 kernel: [    0.004502] ACPI: FACS 0x00000000BFEFFFC0 000040
Oct 22 19:06:34 master1 kernel: [    0.004505] ACPI: BOOT 0x00000000BFEE0CBA 000028 (v01 PTLTD  $SBFTBL$ 06040000  LTP 00000001)
Oct 22 19:06:34 master1 kernel: [    0.004508] ACPI: APIC 0x00000000BFEE0578 000742 (v01 PTLTD  ? APIC   06040000  LTP 00000000)
Oct 22 19:06:34 master1 kernel: [    0.004511] ACPI: MCFG 0x00000000BFEE053C 00003C (v01 PTLTD  $PCITBL$ 06040000  LTP 00000001)
Oct 22 19:06:34 master1 kernel: [    0.004514] ACPI: SRAT 0x00000000BFEDF72F 0008D0 (v02 VMWARE MEMPLUG  06040000 VMW  00000001)
Oct 22 19:06:34 master1 kernel: [    0.004517] ACPI: HPET 0x00000000BFEDF6F7 000038 (v01 VMWARE VMW HPET 06040000 VMW  00000001)
Oct 22 19:06:34 master1 kernel: [    0.004520] ACPI: WAET 0x00000000BFEDF6CF 000028 (v01 VMWARE VMW WAET 06040000 VMW  00000001)
Oct 22 19:06:34 master1 kernel: [    0.004523] ACPI: Reserving FACP table memory at [mem 0xbfefee73-0xbfefef66]
Oct 22 19:06:34 master1 kernel: [    0.004524] ACPI: Reserving DSDT table memory at [mem 0xbfee0ce2-0xbfefee72]
Oct 22 19:06:34 master1 kernel: [    0.004526] ACPI: Reserving FACS table memory at [mem 0xbfefffc0-0xbfefffff]
Oct 22 19:06:34 master1 kernel: [    0.004527] ACPI: Reserving FACS table memory at [mem 0xbfefffc0-0xbfefffff]
Oct 22 19:06:34 master1 kernel: [    0.004528] ACPI: Reserving BOOT table memory at [mem 0xbfee0cba-0xbfee0ce1]
Oct 22 19:06:34 master1 kernel: [    0.004529] ACPI: Reserving APIC table memory at [mem 0xbfee0578-0xbfee0cb9]
Oct 22 19:06:34 master1 kernel: [    0.004530] ACPI: Reserving MCFG table memory at [mem 0xbfee053c-0xbfee0577]
Oct 22 19:06:34 master1 kernel: [    0.004531] ACPI: Reserving SRAT table memory at [mem 0xbfedf72f-0xbfedfffe]
Oct 22 19:06:34 master1 kernel: [    0.004532] ACPI: Reserving HPET table memory at [mem 0xbfedf6f7-0xbfedf72e]
Oct 22 19:06:34 master1 kernel: [    0.004533] ACPI: Reserving WAET table memory at [mem 0xbfedf6cf-0xbfedf6f6]
Oct 22 19:06:34 master1 kernel: [    0.004595] system APIC only can use physical flat
Oct 22 19:06:34 master1 kernel: [    0.004596] Setting APIC routing to physical flat.
Oct 22 19:06:34 master1 kernel: [    0.004687] SRAT: PXM 0 -> APIC 0x00 -> Node 0
Oct 22 19:06:34 master1 kernel: [    0.004690] SRAT: PXM 0 -> APIC 0x02 -> Node 0
Oct 22 19:06:34 master1 kernel: [    0.004691] SRAT: PXM 0 -> APIC 0x04 -> Node 0
Oct 22 19:06:34 master1 kernel: [    0.004692] SRAT: PXM 0 -> APIC 0x06 -> Node 0
Oct 22 19:06:34 master1 kernel: [    0.004693] SRAT: PXM 0 -> APIC 0x08 -> Node 0
Oct 22 19:06:34 master1 kernel: [    0.004694] SRAT: PXM 0 -> APIC 0x0a -> Node 0
Oct 22 19:06:34 master1 kernel: [    0.004694] SRAT: PXM 0 -> APIC 0x0c -> Node 0
Oct 22 19:06:34 master1 kernel: [    0.004695] SRAT: PXM 0 -> APIC 0x0e -> Node 0
Oct 22 19:06:34 master1 kernel: [    0.004696] SRAT: PXM 0 -> APIC 0x10 -> Node 0
Oct 22 19:06:34 master1 kernel: [    0.004697] SRAT: PXM 0 -> APIC 0x12 -> Node 0
Oct 22 19:06:34 master1 kernel: [    0.004698] SRAT: PXM 0 -> APIC 0x14 -> Node 0
Oct 22 19:06:34 master1 kernel: [    0.004699] SRAT: PXM 0 -> APIC 0x16 -> Node 0
Oct 22 19:06:34 master1 kernel: [    0.004700] SRAT: PXM 0 -> APIC 0x18 -> Node 0
Oct 22 19:06:34 master1 kernel: [    0.004700] SRAT: PXM 0 -> APIC 0x1a -> Node 0
Oct 22 19:06:34 master1 kernel: [    0.004701] SRAT: PXM 0 -> APIC 0x1c -> Node 0
Oct 22 19:06:34 master1 kernel: [    0.004702] SRAT: PXM 0 -> APIC 0x1e -> Node 0
Oct 22 19:06:34 master1 kernel: [    0.004703] SRAT: PXM 0 -> APIC 0x20 -> Node 0
Oct 22 19:06:34 master1 kernel: [    0.004704] SRAT: PXM 0 -> APIC 0x22 -> Node 0
Oct 22 19:06:34 master1 kernel: [    0.004705] SRAT: PXM 0 -> APIC 0x24 -> Node 0
Oct 22 19:06:34 master1 kernel: [    0.004705] SRAT: PXM 0 -> APIC 0x26 -> Node 0
Oct 22 19:06:34 master1 kernel: [    0.004706] SRAT: PXM 0 -> APIC 0x28 -> Node 0
Oct 22 19:06:34 master1 kernel: [    0.004707] SRAT: PXM 0 -> APIC 0x2a -> Node 0
Oct 22 19:06:34 master1 kernel: [    0.004708] SRAT: PXM 0 -> APIC 0x2c -> Node 0
Oct 22 19:06:34 master1 kernel: [    0.004709] SRAT: PXM 0 -> APIC 0x2e -> Node 0
Oct 22 19:06:34 master1 kernel: [    0.004709] SRAT: PXM 0 -> APIC 0x30 -> Node 0
Oct 22 19:06:34 master1 kernel: [    0.004710] SRAT: PXM 0 -> APIC 0x32 -> Node 0
Oct 22 19:06:34 master1 kernel: [    0.004711] SRAT: PXM 0 -> APIC 0x34 -> Node 0
Oct 22 19:06:34 master1 kernel: [    0.004712] SRAT: PXM 0 -> APIC 0x36 -> Node 0
Oct 22 19:06:34 master1 kernel: [    0.004713] SRAT: PXM 0 -> APIC 0x38 -> Node 0
Oct 22 19:06:34 master1 kernel: [    0.004713] SRAT: PXM 0 -> APIC 0x3a -> Node 0
Oct 22 19:06:34 master1 kernel: [    0.004714] SRAT: PXM 0 -> APIC 0x3c -> Node 0
Oct 22 19:06:34 master1 kernel: [    0.004715] SRAT: PXM 0 -> APIC 0x3e -> Node 0
Oct 22 19:06:34 master1 kernel: [    0.004716] SRAT: PXM 0 -> APIC 0x40 -> Node 0
Oct 22 19:06:34 master1 kernel: [    0.004717] SRAT: PXM 0 -> APIC 0x42 -> Node 0
Oct 22 19:06:34 master1 kernel: [    0.004718] SRAT: PXM 0 -> APIC 0x44 -> Node 0
Oct 22 19:06:34 master1 kernel: [    0.004718] SRAT: PXM 0 -> APIC 0x46 -> Node 0
Oct 22 19:06:34 master1 kernel: [    0.004719] SRAT: PXM 0 -> APIC 0x48 -> Node 0
Oct 22 19:06:34 master1 kernel: [    0.004720] SRAT: PXM 0 -> APIC 0x4a -> Node 0
Oct 22 19:06:34 master1 kernel: [    0.004721] SRAT: PXM 0 -> APIC 0x4c -> Node 0
Oct 22 19:06:34 master1 kernel: [    0.004722] SRAT: PXM 0 -> APIC 0x4e -> Node 0
Oct 22 19:06:34 master1 kernel: [    0.004722] SRAT: PXM 0 -> APIC 0x50 -> Node 0
Oct 22 19:06:34 master1 kernel: [    0.004723] SRAT: PXM 0 -> APIC 0x52 -> Node 0
Oct 22 19:06:34 master1 kernel: [    0.004724] SRAT: PXM 0 -> APIC 0x54 -> Node 0
Oct 22 19:06:34 master1 kernel: [    0.004725] SRAT: PXM 0 -> APIC 0x56 -> Node 0
Oct 22 19:06:34 master1 kernel: [    0.004726] SRAT: PXM 0 -> APIC 0x58 -> Node 0
Oct 22 19:06:34 master1 kernel: [    0.004727] SRAT: PXM 0 -> APIC 0x5a -> Node 0
Oct 22 19:06:34 master1 kernel: [    0.004727] SRAT: PXM 0 -> APIC 0x5c -> Node 0
Oct 22 19:06:34 master1 kernel: [    0.004728] SRAT: PXM 0 -> APIC 0x5e -> Node 0
Oct 22 19:06:34 master1 kernel: [    0.004729] SRAT: PXM 0 -> APIC 0x60 -> Node 0
Oct 22 19:06:34 master1 kernel: [    0.004730] SRAT: PXM 0 -> APIC 0x62 -> Node 0
Oct 22 19:06:34 master1 kernel: [    0.004731] SRAT: PXM 0 -> APIC 0x64 -> Node 0
Oct 22 19:06:34 master1 kernel: [    0.004731] SRAT: PXM 0 -> APIC 0x66 -> Node 0
Oct 22 19:06:34 master1 kernel: [    0.004732] SRAT: PXM 0 -> APIC 0x68 -> Node 0
Oct 22 19:06:34 master1 kernel: [    0.004733] SRAT: PXM 0 -> APIC 0x6a -> Node 0
Oct 22 19:06:34 master1 kernel: [    0.004734] SRAT: PXM 0 -> APIC 0x6c -> Node 0
Oct 22 19:06:34 master1 kernel: [    0.004735] SRAT: PXM 0 -> APIC 0x6e -> Node 0
Oct 22 19:06:34 master1 kernel: [    0.004736] SRAT: PXM 0 -> APIC 0x70 -> Node 0
Oct 22 19:06:34 master1 kernel: [    0.004736] SRAT: PXM 0 -> APIC 0x72 -> Node 0
Oct 22 19:06:34 master1 kernel: [    0.004737] SRAT: PXM 0 -> APIC 0x74 -> Node 0
Oct 22 19:06:34 master1 kernel: [    0.004738] SRAT: PXM 0 -> APIC 0x76 -> Node 0
Oct 22 19:06:34 master1 kernel: [    0.004739] SRAT: PXM 0 -> APIC 0x78 -> Node 0
Oct 22 19:06:34 master1 kernel: [    0.004740] SRAT: PXM 0 -> APIC 0x7a -> Node 0
Oct 22 19:06:34 master1 kernel: [    0.004740] SRAT: PXM 0 -> APIC 0x7c -> Node 0
Oct 22 19:06:34 master1 kernel: [    0.004741] SRAT: PXM 0 -> APIC 0x7e -> Node 0
Oct 22 19:06:34 master1 kernel: [    0.004742] SRAT: PXM 0 -> APIC 0x80 -> Node 0
Oct 22 19:06:34 master1 kernel: [    0.004743] SRAT: PXM 0 -> APIC 0x82 -> Node 0
Oct 22 19:06:34 master1 kernel: [    0.004744] SRAT: PXM 0 -> APIC 0x84 -> Node 0
Oct 22 19:06:34 master1 kernel: [    0.004744] SRAT: PXM 0 -> APIC 0x86 -> Node 0
Oct 22 19:06:34 master1 kernel: [    0.004745] SRAT: PXM 0 -> APIC 0x88 -> Node 0
Oct 22 19:06:34 master1 kernel: [    0.004746] SRAT: PXM 0 -> APIC 0x8a -> Node 0
Oct 22 19:06:34 master1 kernel: [    0.004747] SRAT: PXM 0 -> APIC 0x8c -> Node 0
Oct 22 19:06:34 master1 kernel: [    0.004748] SRAT: PXM 0 -> APIC 0x8e -> Node 0
Oct 22 19:06:34 master1 kernel: [    0.004749] SRAT: PXM 0 -> APIC 0x90 -> Node 0
Oct 22 19:06:34 master1 kernel: [    0.004749] SRAT: PXM 0 -> APIC 0x92 -> Node 0
Oct 22 19:06:34 master1 kernel: [    0.004750] SRAT: PXM 0 -> APIC 0x94 -> Node 0
Oct 22 19:06:34 master1 kernel: [    0.004751] SRAT: PXM 0 -> APIC 0x96 -> Node 0
Oct 22 19:06:34 master1 kernel: [    0.004752] SRAT: PXM 0 -> APIC 0x98 -> Node 0
Oct 22 19:06:34 master1 kernel: [    0.004753] SRAT: PXM 0 -> APIC 0x9a -> Node 0
Oct 22 19:06:34 master1 kernel: [    0.004753] SRAT: PXM 0 -> APIC 0x9c -> Node 0
Oct 22 19:06:34 master1 kernel: [    0.004754] SRAT: PXM 0 -> APIC 0x9e -> Node 0
Oct 22 19:06:34 master1 kernel: [    0.004755] SRAT: PXM 0 -> APIC 0xa0 -> Node 0
Oct 22 19:06:34 master1 kernel: [    0.004756] SRAT: PXM 0 -> APIC 0xa2 -> Node 0
Oct 22 19:06:34 master1 kernel: [    0.004757] SRAT: PXM 0 -> APIC 0xa4 -> Node 0
Oct 22 19:06:34 master1 kernel: [    0.004758] SRAT: PXM 0 -> APIC 0xa6 -> Node 0
Oct 22 19:06:34 master1 kernel: [    0.004758] SRAT: PXM 0 -> APIC 0xa8 -> Node 0
Oct 22 19:06:34 master1 kernel: [    0.004759] SRAT: PXM 0 -> APIC 0xaa -> Node 0
Oct 22 19:06:34 master1 kernel: [    0.004760] SRAT: PXM 0 -> APIC 0xac -> Node 0
Oct 22 19:06:34 master1 kernel: [    0.004761] SRAT: PXM 0 -> APIC 0xae -> Node 0
Oct 22 19:06:34 master1 kernel: [    0.004762] SRAT: PXM 0 -> APIC 0xb0 -> Node 0
Oct 22 19:06:34 master1 kernel: [    0.004762] SRAT: PXM 0 -> APIC 0xb2 -> Node 0
Oct 22 19:06:34 master1 kernel: [    0.004763] SRAT: PXM 0 -> APIC 0xb4 -> Node 0
Oct 22 19:06:34 master1 kernel: [    0.004764] SRAT: PXM 0 -> APIC 0xb6 -> Node 0
Oct 22 19:06:34 master1 kernel: [    0.004765] SRAT: PXM 0 -> APIC 0xb8 -> Node 0
Oct 22 19:06:34 master1 kernel: [    0.004766] SRAT: PXM 0 -> APIC 0xba -> Node 0
Oct 22 19:06:34 master1 kernel: [    0.004766] SRAT: PXM 0 -> APIC 0xbc -> Node 0
Oct 22 19:06:34 master1 kernel: [    0.004767] SRAT: PXM 0 -> APIC 0xbe -> Node 0
Oct 22 19:06:34 master1 kernel: [    0.004768] SRAT: PXM 0 -> APIC 0xc0 -> Node 0
Oct 22 19:06:34 master1 kernel: [    0.004769] SRAT: PXM 0 -> APIC 0xc2 -> Node 0
Oct 22 19:06:34 master1 kernel: [    0.004770] SRAT: PXM 0 -> APIC 0xc4 -> Node 0
Oct 22 19:06:34 master1 kernel: [    0.004771] SRAT: PXM 0 -> APIC 0xc6 -> Node 0
Oct 22 19:06:34 master1 kernel: [    0.004771] SRAT: PXM 0 -> APIC 0xc8 -> Node 0
Oct 22 19:06:34 master1 kernel: [    0.004772] SRAT: PXM 0 -> APIC 0xca -> Node 0
Oct 22 19:06:34 master1 kernel: [    0.004773] SRAT: PXM 0 -> APIC 0xcc -> Node 0
Oct 22 19:06:34 master1 kernel: [    0.004774] SRAT: PXM 0 -> APIC 0xce -> Node 0
Oct 22 19:06:34 master1 kernel: [    0.004775] SRAT: PXM 0 -> APIC 0xd0 -> Node 0
Oct 22 19:06:34 master1 kernel: [    0.004775] SRAT: PXM 0 -> APIC 0xd2 -> Node 0
Oct 22 19:06:34 master1 kernel: [    0.004776] SRAT: PXM 0 -> APIC 0xd4 -> Node 0
Oct 22 19:06:34 master1 kernel: [    0.004777] SRAT: PXM 0 -> APIC 0xd6 -> Node 0
Oct 22 19:06:34 master1 kernel: [    0.004778] SRAT: PXM 0 -> APIC 0xd8 -> Node 0
Oct 22 19:06:34 master1 kernel: [    0.004779] SRAT: PXM 0 -> APIC 0xda -> Node 0
Oct 22 19:06:34 master1 kernel: [    0.004780] SRAT: PXM 0 -> APIC 0xdc -> Node 0
Oct 22 19:06:34 master1 kernel: [    0.004780] SRAT: PXM 0 -> APIC 0xde -> Node 0
Oct 22 19:06:34 master1 kernel: [    0.004781] SRAT: PXM 0 -> APIC 0xe0 -> Node 0
Oct 22 19:06:34 master1 kernel: [    0.004782] SRAT: PXM 0 -> APIC 0xe2 -> Node 0
Oct 22 19:06:34 master1 kernel: [    0.004783] SRAT: PXM 0 -> APIC 0xe4 -> Node 0
Oct 22 19:06:34 master1 kernel: [    0.004784] SRAT: PXM 0 -> APIC 0xe6 -> Node 0
Oct 22 19:06:34 master1 kernel: [    0.004784] SRAT: PXM 0 -> APIC 0xe8 -> Node 0
Oct 22 19:06:34 master1 kernel: [    0.004785] SRAT: PXM 0 -> APIC 0xea -> Node 0
Oct 22 19:06:34 master1 kernel: [    0.004786] SRAT: PXM 0 -> APIC 0xec -> Node 0
Oct 22 19:06:34 master1 kernel: [    0.004787] SRAT: PXM 0 -> APIC 0xee -> Node 0
Oct 22 19:06:34 master1 kernel: [    0.004788] SRAT: PXM 0 -> APIC 0xf0 -> Node 0
Oct 22 19:06:34 master1 kernel: [    0.004789] SRAT: PXM 0 -> APIC 0xf2 -> Node 0
Oct 22 19:06:34 master1 kernel: [    0.004789] SRAT: PXM 0 -> APIC 0xf4 -> Node 0
Oct 22 19:06:34 master1 kernel: [    0.004790] SRAT: PXM 0 -> APIC 0xf6 -> Node 0
Oct 22 19:06:34 master1 kernel: [    0.004791] SRAT: PXM 0 -> APIC 0xf8 -> Node 0
Oct 22 19:06:34 master1 kernel: [    0.004792] SRAT: PXM 0 -> APIC 0xfa -> Node 0
Oct 22 19:06:34 master1 kernel: [    0.004793] SRAT: PXM 0 -> APIC 0xfc -> Node 0
Oct 22 19:06:34 master1 kernel: [    0.004793] SRAT: PXM 0 -> APIC 0xfe -> Node 0
Oct 22 19:06:34 master1 kernel: [    0.004796] ACPI: SRAT: Node 0 PXM 0 [mem 0x00000000-0x0009ffff]
Oct 22 19:06:34 master1 kernel: [    0.004798] ACPI: SRAT: Node 0 PXM 0 [mem 0x00100000-0xbfffffff]
Oct 22 19:06:34 master1 kernel: [    0.004799] ACPI: SRAT: Node 0 PXM 0 [mem 0x100000000-0x101ffffff]
Oct 22 19:06:34 master1 kernel: [    0.004801] ACPI: SRAT: Node 0 PXM 0 [mem 0x102000000-0xc5fffffff] hotplug
Oct 22 19:06:34 master1 kernel: [    0.004803] NUMA: Node 0 [mem 0x00000000-0x0009ffff] + [mem 0x00100000-0xbfffffff] -> [mem 0x00000000-0xbfffffff]
Oct 22 19:06:34 master1 kernel: [    0.004805] NUMA: Node 0 [mem 0x00000000-0xbfffffff] + [mem 0x100000000-0x101ffffff] -> [mem 0x00000000-0x101ffffff]
Oct 22 19:06:34 master1 kernel: [    0.004812] NODE_DATA(0) allocated [mem 0x101fd4000-0x101ffdfff]
Oct 22 19:06:34 master1 kernel: [    0.005899] Zone ranges:
Oct 22 19:06:34 master1 kernel: [    0.005902]   DMA      [mem 0x0000000000001000-0x0000000000ffffff]
Oct 22 19:06:34 master1 kernel: [    0.005904]   DMA32    [mem 0x0000000001000000-0x00000000ffffffff]
Oct 22 19:06:34 master1 kernel: [    0.005906]   Normal   [mem 0x0000000100000000-0x0000000101ffffff]
Oct 22 19:06:34 master1 kernel: [    0.005907]   Device   empty
Oct 22 19:06:34 master1 kernel: [    0.005908] Movable zone start for each node
Oct 22 19:06:34 master1 kernel: [    0.005911] Early memory node ranges
Oct 22 19:06:34 master1 kernel: [    0.005912]   node   0: [mem 0x0000000000001000-0x000000000009dfff]
Oct 22 19:06:34 master1 kernel: [    0.005913]   node   0: [mem 0x0000000000100000-0x00000000bfecffff]
Oct 22 19:06:34 master1 kernel: [    0.005914]   node   0: [mem 0x00000000bff00000-0x00000000bfffffff]
Oct 22 19:06:34 master1 kernel: [    0.005915]   node   0: [mem 0x0000000100000000-0x0000000101ffffff]
Oct 22 19:06:34 master1 kernel: [    0.005917] Initmem setup node 0 [mem 0x0000000000001000-0x0000000101ffffff]
Oct 22 19:06:34 master1 kernel: [    0.005972] On node 0, zone DMA: 1 pages in unavailable ranges
Oct 22 19:06:34 master1 kernel: [    0.007033] On node 0, zone DMA: 98 pages in unavailable ranges
Oct 22 19:06:34 master1 kernel: [    0.082035] On node 0, zone DMA32: 48 pages in unavailable ranges
Oct 22 19:06:34 master1 kernel: [    0.082381] On node 0, zone Normal: 24576 pages in unavailable ranges
Oct 22 19:06:34 master1 kernel: [    0.099834] ACPI: PM-Timer IO Port: 0x1008
Oct 22 19:06:34 master1 kernel: [    0.099843] system APIC only can use physical flat
Oct 22 19:06:34 master1 kernel: [    0.099853] ACPI: LAPIC_NMI (acpi_id[0x00] high edge lint[0x1])
Oct 22 19:06:34 master1 kernel: [    0.099855] ACPI: LAPIC_NMI (acpi_id[0x01] high edge lint[0x1])
Oct 22 19:06:34 master1 kernel: [    0.099856] ACPI: LAPIC_NMI (acpi_id[0x02] high edge lint[0x1])
Oct 22 19:06:34 master1 kernel: [    0.099857] ACPI: LAPIC_NMI (acpi_id[0x03] high edge lint[0x1])
Oct 22 19:06:34 master1 kernel: [    0.099858] ACPI: LAPIC_NMI (acpi_id[0x04] high edge lint[0x1])
Oct 22 19:06:34 master1 kernel: [    0.099859] ACPI: LAPIC_NMI (acpi_id[0x05] high edge lint[0x1])
Oct 22 19:06:34 master1 kernel: [    0.099860] ACPI: LAPIC_NMI (acpi_id[0x06] high edge lint[0x1])
Oct 22 19:06:34 master1 kernel: [    0.099860] ACPI: LAPIC_NMI (acpi_id[0x07] high edge lint[0x1])
Oct 22 19:06:34 master1 kernel: [    0.099861] ACPI: LAPIC_NMI (acpi_id[0x08] high edge lint[0x1])
Oct 22 19:06:34 master1 kernel: [    0.099862] ACPI: LAPIC_NMI (acpi_id[0x09] high edge lint[0x1])
Oct 22 19:06:34 master1 kernel: [    0.099863] ACPI: LAPIC_NMI (acpi_id[0x0a] high edge lint[0x1])
Oct 22 19:06:34 master1 kernel: [    0.099864] ACPI: LAPIC_NMI (acpi_id[0x0b] high edge lint[0x1])
Oct 22 19:06:34 master1 kernel: [    0.099865] ACPI: LAPIC_NMI (acpi_id[0x0c] high edge lint[0x1])
Oct 22 19:06:34 master1 kernel: [    0.099866] ACPI: LAPIC_NMI (acpi_id[0x0d] high edge lint[0x1])
Oct 22 19:06:34 master1 kernel: [    0.099866] ACPI: LAPIC_NMI (acpi_id[0x0e] high edge lint[0x1])
Oct 22 19:06:34 master1 kernel: [    0.099867] ACPI: LAPIC_NMI (acpi_id[0x0f] high edge lint[0x1])
Oct 22 19:06:34 master1 kernel: [    0.099868] ACPI: LAPIC_NMI (acpi_id[0x10] high edge lint[0x1])
Oct 22 19:06:34 master1 kernel: [    0.099869] ACPI: LAPIC_NMI (acpi_id[0x11] high edge lint[0x1])
Oct 22 19:06:34 master1 kernel: [    0.099870] ACPI: LAPIC_NMI (acpi_id[0x12] high edge lint[0x1])
Oct 22 19:06:34 master1 kernel: [    0.099871] ACPI: LAPIC_NMI (acpi_id[0x13] high edge lint[0x1])
Oct 22 19:06:34 master1 kernel: [    0.099872] ACPI: LAPIC_NMI (acpi_id[0x14] high edge lint[0x1])
Oct 22 19:06:34 master1 kernel: [    0.099872] ACPI: LAPIC_NMI (acpi_id[0x15] high edge lint[0x1])
Oct 22 19:06:34 master1 kernel: [    0.099873] ACPI: LAPIC_NMI (acpi_id[0x16] high edge lint[0x1])
Oct 22 19:06:34 master1 kernel: [    0.099874] ACPI: LAPIC_NMI (acpi_id[0x17] high edge lint[0x1])
Oct 22 19:06:34 master1 kernel: [    0.099875] ACPI: LAPIC_NMI (acpi_id[0x18] high edge lint[0x1])
Oct 22 19:06:34 master1 kernel: [    0.099876] ACPI: LAPIC_NMI (acpi_id[0x19] high edge lint[0x1])
Oct 22 19:06:34 master1 kernel: [    0.099877] ACPI: LAPIC_NMI (acpi_id[0x1a] high edge lint[0x1])
Oct 22 19:06:34 master1 kernel: [    0.099877] ACPI: LAPIC_NMI (acpi_id[0x1b] high edge lint[0x1])
Oct 22 19:06:34 master1 kernel: [    0.099878] ACPI: LAPIC_NMI (acpi_id[0x1c] high edge lint[0x1])
Oct 22 19:06:34 master1 kernel: [    0.099879] ACPI: LAPIC_NMI (acpi_id[0x1d] high edge lint[0x1])
Oct 22 19:06:34 master1 kernel: [    0.099880] ACPI: LAPIC_NMI (acpi_id[0x1e] high edge lint[0x1])
Oct 22 19:06:34 master1 kernel: [    0.099881] ACPI: LAPIC_NMI (acpi_id[0x1f] high edge lint[0x1])
Oct 22 19:06:34 master1 kernel: [    0.099882] ACPI: LAPIC_NMI (acpi_id[0x20] high edge lint[0x1])
Oct 22 19:06:34 master1 kernel: [    0.099883] ACPI: LAPIC_NMI (acpi_id[0x21] high edge lint[0x1])
Oct 22 19:06:34 master1 kernel: [    0.099883] ACPI: LAPIC_NMI (acpi_id[0x22] high edge lint[0x1])
Oct 22 19:06:34 master1 kernel: [    0.099884] ACPI: LAPIC_NMI (acpi_id[0x23] high edge lint[0x1])
Oct 22 19:06:34 master1 kernel: [    0.099885] ACPI: LAPIC_NMI (acpi_id[0x24] high edge lint[0x1])
Oct 22 19:06:34 master1 kernel: [    0.099886] ACPI: LAPIC_NMI (acpi_id[0x25] high edge lint[0x1])
Oct 22 19:06:34 master1 kernel: [    0.099887] ACPI: LAPIC_NMI (acpi_id[0x26] high edge lint[0x1])
Oct 22 19:06:34 master1 kernel: [    0.099888] ACPI: LAPIC_NMI (acpi_id[0x27] high edge lint[0x1])
Oct 22 19:06:34 master1 kernel: [    0.099889] ACPI: LAPIC_NMI (acpi_id[0x28] high edge lint[0x1])
Oct 22 19:06:34 master1 kernel: [    0.099889] ACPI: LAPIC_NMI (acpi_id[0x29] high edge lint[0x1])
Oct 22 19:06:34 master1 kernel: [    0.099890] ACPI: LAPIC_NMI (acpi_id[0x2a] high edge lint[0x1])
Oct 22 19:06:34 master1 kernel: [    0.099891] ACPI: LAPIC_NMI (acpi_id[0x2b] high edge lint[0x1])
Oct 22 19:06:34 master1 kernel: [    0.099892] ACPI: LAPIC_NMI (acpi_id[0x2c] high edge lint[0x1])
Oct 22 19:06:34 master1 systemd[1]: Started System Logging Service.
Oct 22 19:06:34 master1 kernel: [    0.099893] ACPI: LAPIC_NMI (acpi_id[0x2d] high edge lint[0x1])
Oct 22 19:06:34 master1 kernel: [    0.099894] ACPI: LAPIC_NMI (acpi_id[0x2e] high edge lint[0x1])
Oct 22 19:06:34 master1 kernel: [    0.099894] ACPI: LAPIC_NMI (acpi_id[0x2f] high edge lint[0x1])
Oct 22 19:06:34 master1 kernel: [    0.099895] ACPI: LAPIC_NMI (acpi_id[0x30] high edge lint[0x1])
Oct 22 19:06:34 master1 kernel: [    0.099896] ACPI: LAPIC_NMI (acpi_id[0x31] high edge lint[0x1])
Oct 22 19:06:34 master1 kernel: [    0.099897] ACPI: LAPIC_NMI (acpi_id[0x32] high edge lint[0x1])
Oct 22 19:06:34 master1 kernel: [    0.099898] ACPI: LAPIC_NMI (acpi_id[0x33] high edge lint[0x1])
Oct 22 19:06:34 master1 kernel: [    0.099899] ACPI: LAPIC_NMI (acpi_id[0x34] high edge lint[0x1])
Oct 22 19:06:34 master1 kernel: [    0.099900] ACPI: LAPIC_NMI (acpi_id[0x35] high edge lint[0x1])
Oct 22 19:06:34 master1 kernel: [    0.099900] ACPI: LAPIC_NMI (acpi_id[0x36] high edge lint[0x1])
Oct 22 19:06:34 master1 kernel: [    0.099901] ACPI: LAPIC_NMI (acpi_id[0x37] high edge lint[0x1])
Oct 22 19:06:34 master1 kernel: [    0.099902] ACPI: LAPIC_NMI (acpi_id[0x38] high edge lint[0x1])
Oct 22 19:06:34 master1 kernel: [    0.099903] ACPI: LAPIC_NMI (acpi_id[0x39] high edge lint[0x1])
Oct 22 19:06:34 master1 kernel: [    0.099904] ACPI: LAPIC_NMI (acpi_id[0x3a] high edge lint[0x1])
Oct 22 19:06:34 master1 kernel: [    0.099905] ACPI: LAPIC_NMI (acpi_id[0x3b] high edge lint[0x1])
Oct 22 19:06:34 master1 kernel: [    0.099905] ACPI: LAPIC_NMI (acpi_id[0x3c] high edge lint[0x1])
Oct 22 19:06:34 master1 kernel: [    0.099906] ACPI: LAPIC_NMI (acpi_id[0x3d] high edge lint[0x1])
Oct 22 19:06:34 master1 kernel: [    0.099907] ACPI: LAPIC_NMI (acpi_id[0x3e] high edge lint[0x1])
Oct 22 19:06:34 master1 kernel: [    0.099908] ACPI: LAPIC_NMI (acpi_id[0x3f] high edge lint[0x1])
Oct 22 19:06:34 master1 kernel: [    0.099909] ACPI: LAPIC_NMI (acpi_id[0x40] high edge lint[0x1])
Oct 22 19:06:34 master1 kernel: [    0.099910] ACPI: LAPIC_NMI (acpi_id[0x41] high edge lint[0x1])
Oct 22 19:06:34 master1 kernel: [    0.099911] ACPI: LAPIC_NMI (acpi_id[0x42] high edge lint[0x1])
Oct 22 19:06:34 master1 kernel: [    0.099911] ACPI: LAPIC_NMI (acpi_id[0x43] high edge lint[0x1])
Oct 22 19:06:34 master1 kernel: [    0.099912] ACPI: LAPIC_NMI (acpi_id[0x44] high edge lint[0x1])
Oct 22 19:06:34 master1 kernel: [    0.099913] ACPI: LAPIC_NMI (acpi_id[0x45] high edge lint[0x1])
Oct 22 19:06:34 master1 kernel: [    0.099914] ACPI: LAPIC_NMI (acpi_id[0x46] high edge lint[0x1])
Oct 22 19:06:34 master1 kernel: [    0.099915] ACPI: LAPIC_NMI (acpi_id[0x47] high edge lint[0x1])
Oct 22 19:06:34 master1 kernel: [    0.099916] ACPI: LAPIC_NMI (acpi_id[0x48] high edge lint[0x1])
Oct 22 19:06:34 master1 kernel: [    0.099917] ACPI: LAPIC_NMI (acpi_id[0x49] high edge lint[0x1])
Oct 22 19:06:34 master1 kernel: [    0.099917] ACPI: LAPIC_NMI (acpi_id[0x4a] high edge lint[0x1])
Oct 22 19:06:34 master1 kernel: [    0.099918] ACPI: LAPIC_NMI (acpi_id[0x4b] high edge lint[0x1])
Oct 22 19:06:34 master1 kernel: [    0.099919] ACPI: LAPIC_NMI (acpi_id[0x4c] high edge lint[0x1])
Oct 22 19:06:34 master1 kernel: [    0.099920] ACPI: LAPIC_NMI (acpi_id[0x4d] high edge lint[0x1])
Oct 22 19:06:34 master1 kernel: [    0.099921] ACPI: LAPIC_NMI (acpi_id[0x4e] high edge lint[0x1])
Oct 22 19:06:34 master1 kernel: [    0.099922] ACPI: LAPIC_NMI (acpi_id[0x4f] high edge lint[0x1])
Oct 22 19:06:34 master1 kernel: [    0.099923] ACPI: LAPIC_NMI (acpi_id[0x50] high edge lint[0x1])
Oct 22 19:06:34 master1 kernel: [    0.099923] ACPI: LAPIC_NMI (acpi_id[0x51] high edge lint[0x1])
Oct 22 19:06:34 master1 kernel: [    0.099924] ACPI: LAPIC_NMI (acpi_id[0x52] high edge lint[0x1])
Oct 22 19:06:34 master1 kernel: [    0.099925] ACPI: LAPIC_NMI (acpi_id[0x53] high edge lint[0x1])
Oct 22 19:06:34 master1 kernel: [    0.099926] ACPI: LAPIC_NMI (acpi_id[0x54] high edge lint[0x1])
Oct 22 19:06:34 master1 kernel: [    0.099927] ACPI: LAPIC_NMI (acpi_id[0x55] high edge lint[0x1])
Oct 22 19:06:34 master1 kernel: [    0.099928] ACPI: LAPIC_NMI (acpi_id[0x56] high edge lint[0x1])
Oct 22 19:06:34 master1 kernel: [    0.099928] ACPI: LAPIC_NMI (acpi_id[0x57] high edge lint[0x1])
Oct 22 19:06:34 master1 kernel: [    0.099929] ACPI: LAPIC_NMI (acpi_id[0x58] high edge lint[0x1])
Oct 22 19:06:34 master1 kernel: [    0.099930] ACPI: LAPIC_NMI (acpi_id[0x59] high edge lint[0x1])
Oct 22 19:06:34 master1 kernel: [    0.099931] ACPI: LAPIC_NMI (acpi_id[0x5a] high edge lint[0x1])
Oct 22 19:06:34 master1 kernel: [    0.099932] ACPI: LAPIC_NMI (acpi_id[0x5b] high edge lint[0x1])
Oct 22 19:06:34 master1 kernel: [    0.099933] ACPI: LAPIC_NMI (acpi_id[0x5c] high edge lint[0x1])
Oct 22 19:06:34 master1 kernel: [    0.099934] ACPI: LAPIC_NMI (acpi_id[0x5d] high edge lint[0x1])
Oct 22 19:06:34 master1 kernel: [    0.099934] ACPI: LAPIC_NMI (acpi_id[0x5e] high edge lint[0x1])
Oct 22 19:06:34 master1 kernel: [    0.099935] ACPI: LAPIC_NMI (acpi_id[0x5f] high edge lint[0x1])
Oct 22 19:06:34 master1 kernel: [    0.099936] ACPI: LAPIC_NMI (acpi_id[0x60] high edge lint[0x1])
Oct 22 19:06:34 master1 kernel: [    0.099937] ACPI: LAPIC_NMI (acpi_id[0x61] high edge lint[0x1])
Oct 22 19:06:34 master1 kernel: [    0.099938] ACPI: LAPIC_NMI (acpi_id[0x62] high edge lint[0x1])
Oct 22 19:06:34 master1 kernel: [    0.099939] ACPI: LAPIC_NMI (acpi_id[0x63] high edge lint[0x1])
Oct 22 19:06:34 master1 kernel: [    0.099940] ACPI: LAPIC_NMI (acpi_id[0x64] high edge lint[0x1])
Oct 22 19:06:34 master1 kernel: [    0.099940] ACPI: LAPIC_NMI (acpi_id[0x65] high edge lint[0x1])
Oct 22 19:06:34 master1 kernel: [    0.099941] ACPI: LAPIC_NMI (acpi_id[0x66] high edge lint[0x1])
Oct 22 19:06:34 master1 kernel: [    0.099942] ACPI: LAPIC_NMI (acpi_id[0x67] high edge lint[0x1])
Oct 22 19:06:34 master1 kernel: [    0.099943] ACPI: LAPIC_NMI (acpi_id[0x68] high edge lint[0x1])
Oct 22 19:06:34 master1 kernel: [    0.099944] ACPI: LAPIC_NMI (acpi_id[0x69] high edge lint[0x1])
Oct 22 19:06:34 master1 kernel: [    0.099945] ACPI: LAPIC_NMI (acpi_id[0x6a] high edge lint[0x1])
Oct 22 19:06:34 master1 kernel: [    0.099945] ACPI: LAPIC_NMI (acpi_id[0x6b] high edge lint[0x1])
Oct 22 19:06:34 master1 kernel: [    0.099946] ACPI: LAPIC_NMI (acpi_id[0x6c] high edge lint[0x1])
Oct 22 19:06:34 master1 kernel: [    0.099947] ACPI: LAPIC_NMI (acpi_id[0x6d] high edge lint[0x1])
Oct 22 19:06:34 master1 kernel: [    0.099948] ACPI: LAPIC_NMI (acpi_id[0x6e] high edge lint[0x1])
Oct 22 19:06:34 master1 kernel: [    0.099949] ACPI: LAPIC_NMI (acpi_id[0x6f] high edge lint[0x1])
Oct 22 19:06:34 master1 kernel: [    0.099950] ACPI: LAPIC_NMI (acpi_id[0x70] high edge lint[0x1])
Oct 22 19:06:34 master1 kernel: [    0.099951] ACPI: LAPIC_NMI (acpi_id[0x71] high edge lint[0x1])
Oct 22 19:06:34 master1 kernel: [    0.099951] ACPI: LAPIC_NMI (acpi_id[0x72] high edge lint[0x1])
Oct 22 19:06:34 master1 kernel: [    0.099952] ACPI: LAPIC_NMI (acpi_id[0x73] high edge lint[0x1])
Oct 22 19:06:34 master1 kernel: [    0.099953] ACPI: LAPIC_NMI (acpi_id[0x74] high edge lint[0x1])
Oct 22 19:06:34 master1 kernel: [    0.099954] ACPI: LAPIC_NMI (acpi_id[0x75] high edge lint[0x1])
Oct 22 19:06:34 master1 kernel: [    0.099955] ACPI: LAPIC_NMI (acpi_id[0x76] high edge lint[0x1])
Oct 22 19:06:34 master1 kernel: [    0.099956] ACPI: LAPIC_NMI (acpi_id[0x77] high edge lint[0x1])
Oct 22 19:06:34 master1 kernel: [    0.099956] ACPI: LAPIC_NMI (acpi_id[0x78] high edge lint[0x1])
Oct 22 19:06:34 master1 kernel: [    0.099957] ACPI: LAPIC_NMI (acpi_id[0x79] high edge lint[0x1])
Oct 22 19:06:34 master1 kernel: [    0.099958] ACPI: LAPIC_NMI (acpi_id[0x7a] high edge lint[0x1])
Oct 22 19:06:34 master1 kernel: [    0.099959] ACPI: LAPIC_NMI (acpi_id[0x7b] high edge lint[0x1])
Oct 22 19:06:34 master1 kernel: [    0.099960] ACPI: LAPIC_NMI (acpi_id[0x7c] high edge lint[0x1])
Oct 22 19:06:34 master1 kernel: [    0.099961] ACPI: LAPIC_NMI (acpi_id[0x7d] high edge lint[0x1])
Oct 22 19:06:34 master1 kernel: [    0.099962] ACPI: LAPIC_NMI (acpi_id[0x7e] high edge lint[0x1])
Oct 22 19:06:34 master1 kernel: [    0.099962] ACPI: LAPIC_NMI (acpi_id[0x7f] high edge lint[0x1])
Oct 22 19:06:34 master1 kernel: [    0.100194] IOAPIC[0]: apic_id 1, version 32, address 0xfec00000, GSI 0-23
Oct 22 19:06:34 master1 kernel: [    0.100201] ACPI: INT_SRC_OVR (bus 0 bus_irq 0 global_irq 2 high edge)
Oct 22 19:06:34 master1 kernel: [    0.100207] ACPI: Using ACPI (MADT) for SMP configuration information
Oct 22 19:06:34 master1 kernel: [    0.100209] ACPI: HPET id: 0x8086af01 base: 0xfed00000
Oct 22 19:06:34 master1 kernel: [    0.100251] smpboot: Allowing 128 CPUs, 126 hotplug CPUs
Oct 22 19:06:34 master1 kernel: [    0.100268] PM: hibernation: Registered nosave memory: [mem 0x00000000-0x00000fff]
Oct 22 19:06:34 master1 kernel: [    0.100270] PM: hibernation: Registered nosave memory: [mem 0x0009e000-0x0009efff]
Oct 22 19:06:34 master1 kernel: [    0.100271] PM: hibernation: Registered nosave memory: [mem 0x0009f000-0x0009ffff]
Oct 22 19:06:34 master1 kernel: [    0.100272] PM: hibernation: Registered nosave memory: [mem 0x000a0000-0x000dbfff]
Oct 22 19:06:34 master1 kernel: [    0.100273] PM: hibernation: Registered nosave memory: [mem 0x000dc000-0x000fffff]
Oct 22 19:06:34 master1 kernel: [    0.100274] PM: hibernation: Registered nosave memory: [mem 0xbfed0000-0xbfefefff]
Oct 22 19:06:34 master1 kernel: [    0.100275] PM: hibernation: Registered nosave memory: [mem 0xbfeff000-0xbfefffff]
Oct 22 19:06:34 master1 kernel: [    0.100277] PM: hibernation: Registered nosave memory: [mem 0xc0000000-0xefffffff]
Oct 22 19:06:34 master1 kernel: [    0.100278] PM: hibernation: Registered nosave memory: [mem 0xf0000000-0xf7ffffff]
Oct 22 19:06:34 master1 kernel: [    0.100279] PM: hibernation: Registered nosave memory: [mem 0xf8000000-0xfebfffff]
Oct 22 19:06:34 master1 kernel: [    0.100279] PM: hibernation: Registered nosave memory: [mem 0xfec00000-0xfec0ffff]
Oct 22 19:06:34 master1 kernel: [    0.100280] PM: hibernation: Registered nosave memory: [mem 0xfec10000-0xfedfffff]
Oct 22 19:06:34 master1 kernel: [    0.100281] PM: hibernation: Registered nosave memory: [mem 0xfee00000-0xfee00fff]
Oct 22 19:06:34 master1 kernel: [    0.100282] PM: hibernation: Registered nosave memory: [mem 0xfee01000-0xfffdffff]
Oct 22 19:06:34 master1 kernel: [    0.100283] PM: hibernation: Registered nosave memory: [mem 0xfffe0000-0xffffffff]
Oct 22 19:06:34 master1 kernel: [    0.100284] [mem 0xc0000000-0xefffffff] available for PCI devices
Oct 22 19:06:34 master1 kernel: [    0.100286] Booting paravirtualized kernel on VMware hypervisor
Oct 22 19:06:34 master1 kernel: [    0.100289] clocksource: refined-jiffies: mask: 0xffffffff max_cycles: 0xffffffff, max_idle_ns: 7645519600211568 ns
Oct 22 19:06:34 master1 kernel: [    0.100319] setup_percpu: NR_CPUS:8192 nr_cpumask_bits:128 nr_cpu_ids:128 nr_node_ids:1
Oct 22 19:06:34 master1 kernel: [    0.228709] percpu: Embedded 60 pages/cpu s208896 r8192 d28672 u262144
Oct 22 19:06:34 master1 kernel: [    0.228726] pcpu-alloc: s208896 r8192 d28672 u262144 alloc=1*2097152
Oct 22 19:06:34 master1 kernel: [    0.228728] pcpu-alloc: [0] 000 001 002 003 004 005 006 007 
Oct 22 19:06:34 master1 kernel: [    0.228733] pcpu-alloc: [0] 008 009 010 011 012 013 014 015 
Oct 22 19:06:34 master1 kernel: [    0.228737] pcpu-alloc: [0] 016 017 018 019 020 021 022 023 
Oct 22 19:06:34 master1 kernel: [    0.228741] pcpu-alloc: [0] 024 025 026 027 028 029 030 031 
Oct 22 19:06:34 master1 kernel: [    0.228745] pcpu-alloc: [0] 032 033 034 035 036 037 038 039 
Oct 22 19:06:34 master1 kernel: [    0.228749] pcpu-alloc: [0] 040 041 042 043 044 045 046 047 
Oct 22 19:06:34 master1 kernel: [    0.228754] pcpu-alloc: [0] 048 049 050 051 052 053 054 055 
Oct 22 19:06:34 master1 kernel: [    0.228758] pcpu-alloc: [0] 056 057 058 059 060 061 062 063 
Oct 22 19:06:34 master1 kernel: [    0.228762] pcpu-alloc: [0] 064 065 066 067 068 069 070 071 
Oct 22 19:06:34 master1 kernel: [    0.228766] pcpu-alloc: [0] 072 073 074 075 076 077 078 079 
Oct 22 19:06:34 master1 kernel: [    0.228770] pcpu-alloc: [0] 080 081 082 083 084 085 086 087 
Oct 22 19:06:34 master1 kernel: [    0.228774] pcpu-alloc: [0] 088 089 090 091 092 093 094 095 
Oct 22 19:06:34 master1 kernel: [    0.228778] pcpu-alloc: [0] 096 097 098 099 100 101 102 103 
Oct 22 19:06:34 master1 kernel: [    0.228782] pcpu-alloc: [0] 104 105 106 107 108 109 110 111 
Oct 22 19:06:34 master1 kernel: [    0.228786] pcpu-alloc: [0] 112 113 114 115 116 117 118 119 
Oct 22 19:06:34 master1 kernel: [    0.228791] pcpu-alloc: [0] 120 121 122 123 124 125 126 127 
Oct 22 19:06:34 master1 kernel: [    0.228877] Built 1 zonelists, mobility grouping on.  Total pages: 781904
Oct 22 19:06:34 master1 kernel: [    0.228881] Policy zone: Normal
Oct 22 19:06:34 master1 kernel: [    0.228884] Kernel command line: BOOT_IMAGE=/vmlinuz-5.15.0-43-generic root=/dev/mapper/ubuntu--vg-ubuntu--lv ro
Oct 22 19:06:34 master1 kernel: [    0.228917] Unknown kernel command line parameters "BOOT_IMAGE=/vmlinuz-5.15.0-43-generic", will be passed to user space.
Oct 22 19:06:34 master1 kernel: [    0.228919] printk: log_buf_len individual max cpu contribution: 4096 bytes
Oct 22 19:06:34 master1 kernel: [    0.228920] printk: log_buf_len total cpu_extra contributions: 520192 bytes
Oct 22 19:06:34 master1 kernel: [    0.228921] printk: log_buf_len min size: 262144 bytes
Oct 22 19:06:34 master1 kernel: [    0.248784] printk: log_buf_len: 1048576 bytes
Oct 22 19:06:34 master1 kernel: [    0.248788] printk: early log buf free: 237824(90%)
Oct 22 19:06:34 master1 kernel: [    0.267275] Dentry cache hash table entries: 524288 (order: 10, 4194304 bytes, linear)
Oct 22 19:06:34 master1 kernel: [    0.275988] Inode-cache hash table entries: 262144 (order: 9, 2097152 bytes, linear)
Oct 22 19:06:34 master1 kernel: [    0.277206] mem auto-init: stack:off, heap alloc:on, heap free:off
Oct 22 19:06:34 master1 kernel: [    0.589474] Memory: 2870936K/3177908K available (16393K kernel code, 4382K rwdata, 10800K rodata, 2904K init, 4844K bss, 306712K reserved, 0K cma-reserved)
Oct 22 19:06:34 master1 kernel: [    0.589483] random: get_random_u64 called from kmem_cache_open+0x2b/0x320 with crng_init=0
Oct 22 19:06:34 master1 kernel: [    0.590455] SLUB: HWalign=64, Order=0-3, MinObjects=0, CPUs=128, Nodes=1
Oct 22 19:06:34 master1 kernel: [    0.590549] ftrace: allocating 50457 entries in 198 pages
Oct 22 19:06:34 master1 kernel: [    0.606750] ftrace: allocated 198 pages with 4 groups
Oct 22 19:06:34 master1 kernel: [    0.608597] rcu: Hierarchical RCU implementation.
Oct 22 19:06:34 master1 kernel: [    0.608599] rcu: 	RCU restricting CPUs from NR_CPUS=8192 to nr_cpu_ids=128.
Oct 22 19:06:34 master1 kernel: [    0.608601] 	Rude variant of Tasks RCU enabled.
Oct 22 19:06:34 master1 kernel: [    0.608602] 	Tracing variant of Tasks RCU enabled.
Oct 22 19:06:34 master1 kernel: [    0.608603] rcu: RCU calculated value of scheduler-enlistment delay is 25 jiffies.
Oct 22 19:06:34 master1 kernel: [    0.608604] rcu: Adjusting geometry for rcu_fanout_leaf=16, nr_cpu_ids=128
Oct 22 19:06:34 master1 kernel: [    0.613557] NR_IRQS: 524544, nr_irqs: 1448, preallocated irqs: 16
Oct 22 19:06:34 master1 kernel: [    0.614909] random: crng done (trusting CPU's manufacturer)
Oct 22 19:06:34 master1 kernel: [    0.646842] Console: colour VGA+ 80x25
Oct 22 19:06:34 master1 kernel: [    1.126556] printk: console [tty0] enabled
Oct 22 19:06:34 master1 kernel: [    1.127565] ACPI: Core revision 20210730
Oct 22 19:06:34 master1 kernel: [    1.129909] clocksource: hpet: mask: 0xffffffff max_cycles: 0xffffffff, max_idle_ns: 133484882848 ns
Oct 22 19:06:34 master1 kernel: [    1.132002] APIC: Switch to symmetric I/O mode setup
Oct 22 19:06:34 master1 kernel: [    1.133821] x2apic enabled
Oct 22 19:06:34 master1 kernel: [    1.135007] Switched APIC routing to physical x2apic.
Oct 22 19:06:34 master1 kernel: [    1.139945] ..TIMER: vector=0x30 apic1=0 pin1=2 apic2=-1 pin2=-1
Oct 22 19:06:34 master1 kernel: [    1.141466] clocksource: tsc-early: mask: 0xffffffffffffffff max_cycles: 0x6a7763b2526, max_idle_ns: 881590616402 ns
Oct 22 19:06:34 master1 kernel: [    1.143396] Calibrating delay loop (skipped) preset value.. 7386.10 BogoMIPS (lpj=14772208)
Oct 22 19:06:34 master1 kernel: [    1.147395] pid_max: default: 131072 minimum: 1024
Oct 22 19:06:34 master1 kernel: [    1.148446] LSM: Security Framework initializing
Oct 22 19:06:34 master1 kernel: [    1.149441] landlock: Up and running.
Oct 22 19:06:34 master1 kernel: [    1.150242] Yama: becoming mindful.
Oct 22 19:06:34 master1 kernel: [    1.151622] AppArmor: AppArmor initialized
Oct 22 19:06:34 master1 kernel: [    1.152865] Mount-cache hash table entries: 8192 (order: 4, 65536 bytes, linear)
Oct 22 19:06:34 master1 kernel: [    1.154566] Mountpoint-cache hash table entries: 8192 (order: 4, 65536 bytes, linear)
Oct 22 19:06:34 master1 kernel: [    1.157558] unchecked MSR access error: RDMSR from 0x852 at rIP: 0xffffffffadc90a18 (native_read_msr+0x8/0x40)
Oct 22 19:06:34 master1 kernel: [    1.159397] Call Trace:
Oct 22 19:06:34 master1 kernel: [    1.160012]  <TASK>
Oct 22 19:06:34 master1 kernel: [    1.160574]  native_apic_msr_read+0x1c/0x30
Oct 22 19:06:34 master1 kernel: [    1.161510]  setup_APIC_eilvt+0x5c/0x1c0
Oct 22 19:06:34 master1 kernel: [    1.163396]  mce_amd_feature_init+0x27c/0x2f0
Oct 22 19:06:34 master1 kernel: [    1.164392]  __mcheck_cpu_init_vendor+0x6c/0xd0
Oct 22 19:06:34 master1 kernel: [    1.165392]  mcheck_cpu_init+0x12d/0x270
Oct 22 19:06:34 master1 kernel: [    1.166276]  identify_cpu+0x376/0x690
Oct 22 19:06:34 master1 kernel: [    1.167394]  ? pmd_val+0xb/0x10
Oct 22 19:06:34 master1 kernel: [    1.168175]  identify_boot_cpu+0x10/0x9a
Oct 22 19:06:34 master1 kernel: [    1.169021]  check_bugs+0x11/0x3ff
Oct 22 19:06:34 master1 kernel: [    1.169838]  start_kernel+0x4ac/0x4d8
Oct 22 19:06:34 master1 kernel: [    1.171395]  x86_64_start_reservations+0x24/0x26
Oct 22 19:06:34 master1 kernel: [    1.172352]  x86_64_start_kernel+0xe4/0xeb
Oct 22 19:06:34 master1 kernel: [    1.173282]  secondary_startup_64_no_verify+0xc2/0xcb
Oct 22 19:06:34 master1 kernel: [    1.174356]  </TASK>
Oct 22 19:06:34 master1 kernel: [    1.174928] LVT offset 2 assigned for vector 0xf4
Oct 22 19:06:34 master1 kernel: [    1.175394] [Firmware Bug]: cpu 0, try to use APIC520 (LVT offset 2) for vector 0xf4, but the register is already in use for vector 0x0 on this cpu
Oct 22 19:06:34 master1 kernel: [    1.177761] Last level iTLB entries: 4KB 1024, 2MB 1024, 4MB 512
Oct 22 19:06:34 master1 kernel: [    1.179394] Last level dTLB entries: 4KB 1536, 2MB 1536, 4MB 768, 1GB 0
Oct 22 19:06:34 master1 kernel: [    1.180662] Spectre V1 : Mitigation: usercopy/swapgs barriers and __user pointer sanitization
Oct 22 19:06:34 master1 kernel: [    1.182304] Spectre V2 : Mitigation: Retpolines
Oct 22 19:06:34 master1 kernel: [    1.183394] Spectre V2 : Spectre v2 / SpectreRSB mitigation: Filling RSB on context switch
Oct 22 19:06:34 master1 kernel: [    1.184944] Spectre V2 : mitigation: Enabling conditional Indirect Branch Prediction Barrier
Oct 22 19:06:34 master1 kernel: [    1.186388] Speculative Store Bypass: Mitigation: Speculative Store Bypass disabled via prctl and seccomp
Oct 22 19:06:34 master1 kernel: [    1.193338] Freeing SMP alternatives memory: 40K
Oct 22 19:06:34 master1 kernel: [    1.200441] smpboot: CPU0: AMD Ryzen 7 2700X Eight-Core Processor (family: 0x17, model: 0x8, stepping: 0x2)
Oct 22 19:06:34 master1 kernel: [    1.203392] Performance Events: AMD PMU driver.
Oct 22 19:06:34 master1 kernel: [    1.203412] ... version:                0
Oct 22 19:06:34 master1 kernel: [    1.204300] ... bit width:              48
Oct 22 19:06:34 master1 kernel: [    1.205205] ... generic registers:      4
Oct 22 19:06:34 master1 kernel: [    1.206094] ... value mask:             0000ffffffffffff
Oct 22 19:06:34 master1 kernel: [    1.207186] ... max period:             00007fffffffffff
Oct 22 19:06:34 master1 kernel: [    1.207394] ... fixed-purpose events:   0
Oct 22 19:06:34 master1 kernel: [    1.208317] ... event mask:             000000000000000f
Oct 22 19:06:34 master1 kernel: [    1.209635] rcu: Hierarchical SRCU implementation.
Oct 22 19:06:34 master1 kernel: [    1.212611] NMI watchdog: Enabled. Permanently consumes one hw-PMU counter.
Oct 22 19:06:34 master1 kernel: [    1.232314] smp: Bringing up secondary CPUs ...
Oct 22 19:06:34 master1 kernel: [    1.234361] x86: Booting SMP configuration:
Oct 22 19:06:34 master1 kernel: [    1.235239] .... node  #0, CPUs:          #1
Oct 22 19:06:34 master1 kernel: [    0.524580] Call Trace:
Oct 22 19:06:34 master1 kernel: [    0.524580]  <TASK>
Oct 22 19:06:34 master1 kernel: [    0.524580]  native_apic_msr_read+0x1a/0x30
Oct 22 19:06:34 master1 kernel: [    0.524580]  setup_APIC_eilvt+0x5c/0x1c0
Oct 22 19:06:34 master1 kernel: [    0.524580]  mce_amd_feature_init+0x27c/0x2f0
Oct 22 19:06:34 master1 kernel: [    0.524580]  __mcheck_cpu_init_vendor+0x6c/0xd0
Oct 22 19:06:34 master1 kernel: [    0.524580]  mcheck_cpu_init+0x12d/0x270
Oct 22 19:06:34 master1 kernel: [    0.524580]  identify_cpu+0x376/0x690
Oct 22 19:06:34 master1 kernel: [    0.524580]  identify_secondary_cpu+0x18/0x90
Oct 22 19:06:34 master1 kernel: [    0.524580]  smp_store_cpu_info+0x5a/0x80
Oct 22 19:06:34 master1 kernel: [    0.524580]  start_secondary+0x53/0x180
Oct 22 19:06:34 master1 kernel: [    0.524580]  secondary_startup_64_no_verify+0xc2/0xcb
Oct 22 19:06:34 master1 kernel: [    0.524580]  </TASK>
Oct 22 19:06:34 master1 kernel: [    0.524580] [Firmware Bug]: cpu 1, try to use APIC520 (LVT offset 2) for vector 0xf4, but the register is already in use for vector 0x0 on this cpu
Oct 22 19:06:34 master1 kernel: [    0.524580] smpboot: CPU 1 Converting physical 2 to logical package 1
Oct 22 19:06:34 master1 kernel: [    0.524580] smpboot: CPU 1 Converting physical 0 to logical die 1
Oct 22 19:06:34 master1 kernel: [    1.237980] smp: Brought up 1 node, 2 CPUs
Oct 22 19:06:34 master1 kernel: [    1.256264] smpboot: Max logical packages: 128
Oct 22 19:06:34 master1 kernel: [    1.257191] smpboot: Total of 2 processors activated (14772.20 BogoMIPS)
Oct 22 19:06:34 master1 kernel: [    1.260749] devtmpfs: initialized
Oct 22 19:06:34 master1 kernel: [    1.260749] x86/mm: Memory block size: 128MB
Oct 22 19:06:34 master1 kernel: [    1.264778] ACPI: PM: Registering ACPI NVS region [mem 0xbfeff000-0xbfefffff] (4096 bytes)
Oct 22 19:06:34 master1 kernel: [    1.267592] clocksource: jiffies: mask: 0xffffffff max_cycles: 0xffffffff, max_idle_ns: 7645041785100000 ns
Oct 22 19:06:34 master1 kernel: [    1.278698] futex hash table entries: 32768 (order: 9, 2097152 bytes, linear)
Oct 22 19:06:34 master1 kernel: [    1.279716] pinctrl core: initialized pinctrl subsystem
Oct 22 19:06:34 master1 kernel: [    1.281402] PM: RTC time: 19:06:17, date: 2024-10-22
Oct 22 19:06:34 master1 kernel: [    1.284160] NET: Registered PF_NETLINK/PF_ROUTE protocol family
Oct 22 19:06:34 master1 kernel: [    1.288075] DMA: preallocated 512 KiB GFP_KERNEL pool for atomic allocations
Oct 22 19:06:34 master1 kernel: [    1.289465] DMA: preallocated 512 KiB GFP_KERNEL|GFP_DMA pool for atomic allocations
Oct 22 19:06:34 master1 kernel: [    1.291036] DMA: preallocated 512 KiB GFP_KERNEL|GFP_DMA32 pool for atomic allocations
Oct 22 19:06:34 master1 kernel: [    1.291406] audit: initializing netlink subsys (disabled)
Oct 22 19:06:34 master1 kernel: [    1.292645] audit: type=2000 audit(1729623976.156:1): state=initialized audit_enabled=0 res=1
Oct 22 19:06:34 master1 kernel: [    1.292645] thermal_sys: Registered thermal governor 'fair_share'
Oct 22 19:06:34 master1 kernel: [    1.295395] thermal_sys: Registered thermal governor 'bang_bang'
Oct 22 19:06:34 master1 kernel: [    1.296585] thermal_sys: Registered thermal governor 'step_wise'
Oct 22 19:06:34 master1 kernel: [    1.297796] thermal_sys: Registered thermal governor 'user_space'
Oct 22 19:06:34 master1 kernel: [    1.299394] thermal_sys: Registered thermal governor 'power_allocator'
Oct 22 19:06:34 master1 kernel: [    1.300583] EISA bus registered
Oct 22 19:06:34 master1 kernel: [    1.302687] cpuidle: using governor ladder
Oct 22 19:06:34 master1 kernel: [    1.303404] cpuidle: using governor menu
Oct 22 19:06:34 master1 kernel: [    1.305357] Simple Boot Flag at 0x36 set to 0x80
Oct 22 19:06:34 master1 kernel: [    1.305357] ACPI: bus type PCI registered
Oct 22 19:06:34 master1 kernel: [    1.307395] acpiphp: ACPI Hot Plug PCI Controller Driver version: 0.5
Oct 22 19:06:34 master1 kernel: [    1.309233] PCI: MMCONFIG for domain 0000 [bus 00-7f] at [mem 0xf0000000-0xf7ffffff] (base 0xf0000000)
Oct 22 19:06:34 master1 kernel: [    1.311397] PCI: MMCONFIG at [mem 0xf0000000-0xf7ffffff] reserved in E820
Oct 22 19:06:34 master1 kernel: [    1.312760] PCI: Using configuration type 1 for base access
Oct 22 19:06:34 master1 kernel: [    1.316899] Kprobes globally optimized
Oct 22 19:06:34 master1 kernel: [    1.317975] HugeTLB registered 1.00 GiB page size, pre-allocated 0 pages
Oct 22 19:06:34 master1 kernel: [    1.319396] HugeTLB registered 2.00 MiB page size, pre-allocated 0 pages
Oct 22 19:06:34 master1 kernel: [    1.335685] ACPI: Added _OSI(Module Device)
Oct 22 19:06:34 master1 kernel: [    1.336532] ACPI: Added _OSI(Processor Device)
Oct 22 19:06:34 master1 kernel: [    1.337541] ACPI: Added _OSI(3.0 _SCP Extensions)
Oct 22 19:06:34 master1 kernel: [    1.339416] ACPI: Added _OSI(Processor Aggregator Device)
Oct 22 19:06:34 master1 kernel: [    1.340502] ACPI: Added _OSI(Linux-Dell-Video)
Oct 22 19:06:34 master1 kernel: [    1.341429] ACPI: Added _OSI(Linux-Lenovo-NV-HDMI-Audio)
Oct 22 19:06:34 master1 kernel: [    1.342530] ACPI: Added _OSI(Linux-HPI-Hybrid-Graphics)
Oct 22 19:06:34 master1 kernel: [    1.373658] ACPI: 1 ACPI AML tables successfully acquired and loaded
Oct 22 19:06:34 master1 kernel: [    1.378051] ACPI: [Firmware Bug]: BIOS _OSI(Linux) query ignored
Oct 22 19:06:34 master1 kernel: [    1.409099] ACPI: Interpreter enabled
Oct 22 19:06:34 master1 kernel: [    1.409984] ACPI: PM: (supports S0 S1 S4 S5)
Oct 22 19:06:34 master1 kernel: [    1.411057] ACPI: Using IOAPIC for interrupt routing
Oct 22 19:06:34 master1 kernel: [    1.411425] PCI: Using host bridge windows from ACPI; if necessary, use "pci=nocrs" and report a bug
Oct 22 19:06:34 master1 kernel: [    1.414914] ACPI: Enabled 4 GPEs in block 00 to 0F
Oct 22 19:06:34 master1 kernel: [    1.652150] ACPI: PCI Root Bridge [PCI0] (domain 0000 [bus 00-7f])
Oct 22 19:06:34 master1 kernel: [    1.653371] acpi PNP0A03:00: _OSC: OS supports [ExtendedConfig ASPM ClockPM Segments MSI EDR HPX-Type3]
Oct 22 19:06:34 master1 kernel: [    1.655671] acpi PNP0A03:00: _OSC: platform does not support [AER LTR DPC]
Oct 22 19:06:34 master1 kernel: [    1.657341] acpi PNP0A03:00: _OSC: OS now controls [PCIeHotplug SHPCHotplug PME PCIeCapability]
Oct 22 19:06:34 master1 kernel: [    1.662991] PCI host bridge to bus 0000:00
Oct 22 19:06:34 master1 kernel: [    1.663396] pci_bus 0000:00: root bus resource [bus 00-7f]
Oct 22 19:06:34 master1 kernel: [    1.664486] pci_bus 0000:00: root bus resource [io  0x0000-0x0cf7 window]
Oct 22 19:06:34 master1 kernel: [    1.665777] pci_bus 0000:00: root bus resource [io  0x0d00-0xfeff window]
Oct 22 19:06:34 master1 kernel: [    1.667065] pci_bus 0000:00: root bus resource [mem 0x000a0000-0x000bffff window]
Oct 22 19:06:34 master1 kernel: [    1.667395] pci_bus 0000:00: root bus resource [mem 0x000cc000-0x000dbfff window]
Oct 22 19:06:34 master1 kernel: [    1.669032] pci_bus 0000:00: root bus resource [mem 0xc0000000-0xfebfffff window]
Oct 22 19:06:34 master1 kernel: [    1.671716] pci 0000:00:00.0: [8086:7190] type 00 class 0x060000
Oct 22 19:06:34 master1 kernel: [    1.678662] pci 0000:00:01.0: [8086:7191] type 01 class 0x060400
Oct 22 19:06:34 master1 kernel: [    1.701032] pci 0000:00:07.0: [8086:7110] type 00 class 0x060100
Oct 22 19:06:34 master1 kernel: [    1.703984] pci 0000:00:07.1: [8086:7111] type 00 class 0x01018a
Oct 22 19:06:34 master1 kernel: [    1.706607] pci 0000:00:07.1: reg 0x20: [io  0x1060-0x106f]
Oct 22 19:06:34 master1 kernel: [    1.707990] pci 0000:00:07.1: legacy IDE quirk: reg 0x10: [io  0x01f0-0x01f7]
Oct 22 19:06:34 master1 kernel: [    1.709333] pci 0000:00:07.1: legacy IDE quirk: reg 0x14: [io  0x03f6]
Oct 22 19:06:34 master1 kernel: [    1.711394] pci 0000:00:07.1: legacy IDE quirk: reg 0x18: [io  0x0170-0x0177]
Oct 22 19:06:34 master1 kernel: [    1.712743] pci 0000:00:07.1: legacy IDE quirk: reg 0x1c: [io  0x0376]
Oct 22 19:06:34 master1 kernel: [    1.714669] pci 0000:00:07.3: [8086:7113] type 00 class 0x068000
Oct 22 19:06:34 master1 kernel: [    1.717273] pci 0000:00:07.3: quirk: [io  0x1000-0x103f] claimed by PIIX4 ACPI
Oct 22 19:06:34 master1 kernel: [    1.719419] pci 0000:00:07.3: quirk: [io  0x1040-0x104f] claimed by PIIX4 SMB
Oct 22 19:06:34 master1 kernel: [    1.721599] pci 0000:00:07.7: [15ad:0740] type 00 class 0x088000
Oct 22 19:06:34 master1 kernel: [    1.723247] pci 0000:00:07.7: reg 0x10: [io  0x1080-0x10bf]
Oct 22 19:06:34 master1 kernel: [    1.723784] pci 0000:00:07.7: reg 0x14: [mem 0xfebc0000-0xfebfffff 64bit]
Oct 22 19:06:34 master1 kernel: [    1.757575] pci 0000:00:0f.0: [15ad:0405] type 00 class 0x030000
Oct 22 19:06:34 master1 kernel: [    1.759851] pci 0000:00:0f.0: reg 0x10: [io  0x1070-0x107f]
Oct 22 19:06:34 master1 kernel: [    1.766818] pci 0000:00:0f.0: reg 0x14: [mem 0xe8000000-0xefffffff pref]
Oct 22 19:06:34 master1 kernel: [    1.771774] pci 0000:00:0f.0: reg 0x18: [mem 0xfe000000-0xfe7fffff]
Oct 22 19:06:34 master1 kernel: [    1.787395] pci 0000:00:0f.0: reg 0x30: [mem 0x00000000-0x00007fff pref]
Oct 22 19:06:34 master1 kernel: [    1.788825] pci 0000:00:0f.0: Video device with shadowed ROM at [mem 0x000c0000-0x000dffff]
Oct 22 19:06:34 master1 kernel: [    1.795052] pci 0000:00:10.0: [1000:0030] type 00 class 0x010000
Oct 22 19:06:34 master1 kernel: [    1.795850] pci 0000:00:10.0: reg 0x10: [io  0x1400-0x14ff]
Oct 22 19:06:34 master1 kernel: [    1.797422] pci 0000:00:10.0: reg 0x14: [mem 0xfeb80000-0xfeb9ffff 64bit]
Oct 22 19:06:34 master1 kernel: [    1.799793] pci 0000:00:10.0: reg 0x1c: [mem 0xfeba0000-0xfebbffff 64bit]
Oct 22 19:06:34 master1 kernel: [    1.801724] pci 0000:00:10.0: reg 0x30: [mem 0x00000000-0x00003fff pref]
Oct 22 19:06:34 master1 kernel: [    1.807783] pci 0000:00:11.0: [15ad:0790] type 01 class 0x060401
Oct 22 19:06:34 master1 kernel: [    1.824299] pci 0000:00:15.0: [15ad:07a0] type 01 class 0x060400
Oct 22 19:06:34 master1 kernel: [    1.827491] pci 0000:00:15.0: PME# supported from D0 D3hot D3cold
Oct 22 19:06:34 master1 kernel: [    1.829885] pci 0000:00:15.1: [15ad:07a0] type 01 class 0x060400
Oct 22 19:06:34 master1 kernel: [    1.833322] pci 0000:00:15.1: PME# supported from D0 D3hot D3cold
Oct 22 19:06:34 master1 kernel: [    1.835518] pci 0000:00:15.2: [15ad:07a0] type 01 class 0x060400
Oct 22 19:06:34 master1 kernel: [    1.838658] pci 0000:00:15.2: PME# supported from D0 D3hot D3cold
Oct 22 19:06:34 master1 kernel: [    1.840484] pci 0000:00:15.3: [15ad:07a0] type 01 class 0x060400
Oct 22 19:06:34 master1 kernel: [    1.844142] pci 0000:00:15.3: PME# supported from D0 D3hot D3cold
Oct 22 19:06:34 master1 kernel: [    1.846483] pci 0000:00:15.4: [15ad:07a0] type 01 class 0x060400
Oct 22 19:06:34 master1 kernel: [    1.849359] pci 0000:00:15.4: PME# supported from D0 D3hot D3cold
Oct 22 19:06:34 master1 kernel: [    1.851950] pci 0000:00:15.5: [15ad:07a0] type 01 class 0x060400
Oct 22 19:06:34 master1 kernel: [    1.855628] pci 0000:00:15.5: PME# supported from D0 D3hot D3cold
Oct 22 19:06:34 master1 kernel: [    1.858156] pci 0000:00:15.6: [15ad:07a0] type 01 class 0x060400
Oct 22 19:06:34 master1 kernel: [    1.861330] pci 0000:00:15.6: PME# supported from D0 D3hot D3cold
Oct 22 19:06:34 master1 kernel: [    1.863737] pci 0000:00:15.7: [15ad:07a0] type 01 class 0x060400
Oct 22 19:06:34 master1 kernel: [    1.866878] pci 0000:00:15.7: PME# supported from D0 D3hot D3cold
Oct 22 19:06:34 master1 kernel: [    1.872506] pci 0000:00:16.0: [15ad:07a0] type 01 class 0x060400
Oct 22 19:06:34 master1 kernel: [    1.875392] pci 0000:00:16.0: PME# supported from D0 D3hot D3cold
Oct 22 19:06:34 master1 kernel: [    1.876515] pci 0000:00:16.1: [15ad:07a0] type 01 class 0x060400
Oct 22 19:06:34 master1 kernel: [    1.881128] pci 0000:00:16.1: PME# supported from D0 D3hot D3cold
Oct 22 19:06:34 master1 kernel: [    1.884121] pci 0000:00:16.2: [15ad:07a0] type 01 class 0x060400
Oct 22 19:06:34 master1 kernel: [    1.887302] pci 0000:00:16.2: PME# supported from D0 D3hot D3cold
Oct 22 19:06:34 master1 kernel: [    1.888455] pci 0000:00:16.3: [15ad:07a0] type 01 class 0x060400
Oct 22 19:06:34 master1 kernel: [    1.892394] pci 0000:00:16.3: PME# supported from D0 D3hot D3cold
Oct 22 19:06:34 master1 kernel: [    1.894672] pci 0000:00:16.4: [15ad:07a0] type 01 class 0x060400
Oct 22 19:06:34 master1 kernel: [    1.897403] pci 0000:00:16.4: PME# supported from D0 D3hot D3cold
Oct 22 19:06:34 master1 kernel: [    1.900424] pci 0000:00:16.5: [15ad:07a0] type 01 class 0x060400
Oct 22 19:06:34 master1 kernel: [    1.903392] pci 0000:00:16.5: PME# supported from D0 D3hot D3cold
Oct 22 19:06:34 master1 kernel: [    1.904449] pci 0000:00:16.6: [15ad:07a0] type 01 class 0x060400
Oct 22 19:06:34 master1 kernel: [    1.909011] pci 0000:00:16.6: PME# supported from D0 D3hot D3cold
Oct 22 19:06:34 master1 kernel: [    1.911291] pci 0000:00:16.7: [15ad:07a0] type 01 class 0x060400
Oct 22 19:06:34 master1 kernel: [    1.913339] pci 0000:00:16.7: PME# supported from D0 D3hot D3cold
Oct 22 19:06:34 master1 kernel: [    1.920229] pci 0000:00:17.0: [15ad:07a0] type 01 class 0x060400
Oct 22 19:06:34 master1 kernel: [    1.923445] pci 0000:00:17.0: PME# supported from D0 D3hot D3cold
Oct 22 19:06:34 master1 kernel: [    1.925776] pci 0000:00:17.1: [15ad:07a0] type 01 class 0x060400
Oct 22 19:06:34 master1 kernel: [    1.928947] pci 0000:00:17.1: PME# supported from D0 D3hot D3cold
Oct 22 19:06:34 master1 kernel: [    1.931578] pci 0000:00:17.2: [15ad:07a0] type 01 class 0x060400
Oct 22 19:06:34 master1 kernel: [    1.934749] pci 0000:00:17.2: PME# supported from D0 D3hot D3cold
Oct 22 19:06:34 master1 kernel: [    1.936476] pci 0000:00:17.3: [15ad:07a0] type 01 class 0x060400
Oct 22 19:06:34 master1 kernel: [    1.940723] pci 0000:00:17.3: PME# supported from D0 D3hot D3cold
Oct 22 19:06:34 master1 kernel: [    1.943132] pci 0000:00:17.4: [15ad:07a0] type 01 class 0x060400
Oct 22 19:06:34 master1 kernel: [    1.945326] pci 0000:00:17.4: PME# supported from D0 D3hot D3cold
Oct 22 19:06:34 master1 kernel: [    1.948530] pci 0000:00:17.5: [15ad:07a0] type 01 class 0x060400
Oct 22 19:06:34 master1 kernel: [    1.951897] pci 0000:00:17.5: PME# supported from D0 D3hot D3cold
Oct 22 19:06:34 master1 kernel: [    1.954159] pci 0000:00:17.6: [15ad:07a0] type 01 class 0x060400
Oct 22 19:06:34 master1 kernel: [    1.957303] pci 0000:00:17.6: PME# supported from D0 D3hot D3cold
Oct 22 19:06:34 master1 kernel: [    1.960330] pci 0000:00:17.7: [15ad:07a0] type 01 class 0x060400
Oct 22 19:06:34 master1 kernel: [    1.963468] pci 0000:00:17.7: PME# supported from D0 D3hot D3cold
Oct 22 19:06:34 master1 kernel: [    1.969242] pci 0000:00:18.0: [15ad:07a0] type 01 class 0x060400
Oct 22 19:06:34 master1 kernel: [    1.972515] pci 0000:00:18.0: PME# supported from D0 D3hot D3cold
Oct 22 19:06:34 master1 kernel: [    1.974829] pci 0000:00:18.1: [15ad:07a0] type 01 class 0x060400
Oct 22 19:06:34 master1 kernel: [    1.977398] pci 0000:00:18.1: PME# supported from D0 D3hot D3cold
Oct 22 19:06:34 master1 kernel: [    1.980614] pci 0000:00:18.2: [15ad:07a0] type 01 class 0x060400
Oct 22 19:06:34 master1 kernel: [    1.984107] pci 0000:00:18.2: PME# supported from D0 D3hot D3cold
Oct 22 19:06:34 master1 apport[947]:  * Starting automatic crash report generation: apport
Oct 22 19:06:34 master1 apport[947]:    ...done.
Oct 22 19:06:34 master1 kernel: [    1.986438] pci 0000:00:18.3: [15ad:07a0] type 01 class 0x060400
Oct 22 19:06:34 master1 kernel: [    1.989344] pci 0000:00:18.3: PME# supported from D0 D3hot D3cold
Oct 22 19:06:34 master1 kernel: [    1.991986] pci 0000:00:18.4: [15ad:07a0] type 01 class 0x060400
Oct 22 19:06:34 master1 kernel: [    1.995225] pci 0000:00:18.4: PME# supported from D0 D3hot D3cold
Oct 22 19:06:34 master1 kernel: [    1.996534] pci 0000:00:18.5: [15ad:07a0] type 01 class 0x060400
Oct 22 19:06:34 master1 kernel: [    2.001049] pci 0000:00:18.5: PME# supported from D0 D3hot D3cold
Oct 22 19:06:34 master1 kernel: [    2.003425] pci 0000:00:18.6: [15ad:07a0] type 01 class 0x060400
Oct 22 19:06:34 master1 kernel: [    2.006663] pci 0000:00:18.6: PME# supported from D0 D3hot D3cold
Oct 22 19:06:34 master1 kernel: [    2.008519] pci 0000:00:18.7: [15ad:07a0] type 01 class 0x060400
Oct 22 19:06:34 master1 kernel: [    2.012165] pci 0000:00:18.7: PME# supported from D0 D3hot D3cold
Oct 22 19:06:34 master1 kernel: [    2.041997] pci_bus 0000:01: extended config space not accessible
Oct 22 19:06:34 master1 kernel: [    2.151987] pci 0000:00:01.0: PCI bridge to [bus 01]
Oct 22 19:06:34 master1 kernel: [    2.153654] pci_bus 0000:02: extended config space not accessible
Oct 22 19:06:34 master1 kernel: [    2.155415] acpiphp: Slot [32] registered
Oct 22 19:06:34 master1 kernel: [    2.156331] acpiphp: Slot [33] registered
Oct 22 19:06:34 master1 kernel: [    2.157227] acpiphp: Slot [34] registered
Oct 22 19:06:34 master1 kernel: [    2.158126] acpiphp: Slot [35] registered
Oct 22 19:06:34 master1 kernel: [    2.159113] acpiphp: Slot [36] registered
Oct 22 19:06:34 master1 kernel: [    2.159434] acpiphp: Slot [37] registered
Oct 22 19:06:34 master1 kernel: [    2.160338] acpiphp: Slot [38] registered
Oct 22 19:06:34 master1 kernel: [    2.161236] acpiphp: Slot [39] registered
Oct 22 19:06:34 master1 kernel: [    2.162192] acpiphp: Slot [40] registered
Oct 22 19:06:34 master1 kernel: [    2.163451] acpiphp: Slot [41] registered
Oct 22 19:06:34 master1 kernel: [    2.164441] acpiphp: Slot [42] registered
Oct 22 19:06:34 master1 kernel: [    2.165373] acpiphp: Slot [43] registered
Oct 22 19:06:34 master1 kernel: [    2.166332] acpiphp: Slot [44] registered
Oct 22 19:06:34 master1 kernel: [    2.167433] acpiphp: Slot [45] registered
Oct 22 19:06:34 master1 kernel: [    2.168464] acpiphp: Slot [46] registered
Oct 22 19:06:34 master1 kernel: [    2.169412] acpiphp: Slot [47] registered
Oct 22 19:06:34 master1 kernel: [    2.170343] acpiphp: Slot [48] registered
Oct 22 19:06:34 master1 kernel: [    2.171456] acpiphp: Slot [49] registered
Oct 22 19:06:34 master1 kernel: [    2.172405] acpiphp: Slot [50] registered
Oct 22 19:06:34 master1 kernel: [    2.173303] acpiphp: Slot [51] registered
Oct 22 19:06:34 master1 kernel: [    2.174196] acpiphp: Slot [52] registered
Oct 22 19:06:34 master1 kernel: [    2.175433] acpiphp: Slot [53] registered
Oct 22 19:06:34 master1 kernel: [    2.176341] acpiphp: Slot [54] registered
Oct 22 19:06:34 master1 kernel: [    2.177240] acpiphp: Slot [55] registered
Oct 22 19:06:34 master1 kernel: [    2.178177] acpiphp: Slot [56] registered
Oct 22 19:06:34 master1 kernel: [    2.179108] acpiphp: Slot [57] registered
Oct 22 19:06:34 master1 kernel: [    2.179433] acpiphp: Slot [58] registered
Oct 22 19:06:34 master1 kernel: [    2.180334] acpiphp: Slot [59] registered
Oct 22 19:06:34 master1 kernel: [    2.181236] acpiphp: Slot [60] registered
Oct 22 19:06:34 master1 kernel: [    2.182146] acpiphp: Slot [61] registered
Oct 22 19:06:34 master1 kernel: [    2.183458] acpiphp: Slot [62] registered
Oct 22 19:06:34 master1 kernel: [    2.184397] acpiphp: Slot [63] registered
Oct 22 19:06:34 master1 kernel: [    2.185573] pci 0000:02:00.0: [15ad:0774] type 00 class 0x0c0300
Oct 22 19:06:34 master1 kernel: [    2.188769] pci 0000:02:00.0: reg 0x20: [io  0x2080-0x209f]
Oct 22 19:06:34 master1 kernel: [    2.196189] pci 0000:02:01.0: [8086:100f] type 00 class 0x020000
Oct 22 19:06:34 master1 kernel: [    2.197967] pci 0000:02:01.0: reg 0x10: [mem 0xfd5c0000-0xfd5dffff 64bit]
Oct 22 19:06:34 master1 kernel: [    2.199828] pci 0000:02:01.0: reg 0x18: [mem 0xfdff0000-0xfdffffff 64bit]
Oct 22 19:06:34 master1 kernel: [    2.201501] pci 0000:02:01.0: reg 0x20: [io  0x2000-0x203f]
Oct 22 19:06:34 master1 kernel: [    2.203900] pci 0000:02:01.0: reg 0x30: [mem 0x00000000-0x0000ffff pref]
Oct 22 19:06:34 master1 kernel: [    2.206022] pci 0000:02:01.0: PME# supported from D0 D3hot D3cold
Oct 22 19:06:34 master1 kernel: [    2.212048] pci 0000:02:02.0: [1274:1371] type 00 class 0x040100
Oct 22 19:06:34 master1 kernel: [    2.213702] pci 0000:02:02.0: reg 0x10: [io  0x2040-0x207f]
Oct 22 19:06:34 master1 kernel: [    2.222094] pci 0000:02:03.0: [15ad:0770] type 00 class 0x0c0320
Oct 22 19:06:34 master1 kernel: [    2.223392] pci 0000:02:03.0: reg 0x10: [mem 0xfd5ef000-0xfd5effff]
Oct 22 19:06:34 master1 kernel: [    2.231571] pci 0000:02:04.0: [15ad:07e0] type 00 class 0x010601
Oct 22 19:06:34 master1 kernel: [    2.234861] pci 0000:02:04.0: reg 0x24: [mem 0xfd5ee000-0xfd5eefff]
Oct 22 19:06:34 master1 kernel: [    2.235709] pci 0000:02:04.0: reg 0x30: [mem 0x00000000-0x0000ffff pref]
Oct 22 19:06:34 master1 kernel: [    2.237975] pci 0000:02:04.0: PME# supported from D3hot
Oct 22 19:06:34 master1 kernel: [    2.334708] pci 0000:00:11.0: PCI bridge to [bus 02] (subtractive decode)
Oct 22 19:06:34 master1 kernel: [    2.335444] pci 0000:00:11.0:   bridge window [io  0x2000-0x3fff]
Oct 22 19:06:34 master1 kernel: [    2.336911] pci 0000:00:11.0:   bridge window [mem 0xfd500000-0xfdffffff]
Oct 22 19:06:34 master1 kernel: [    2.338294] pci 0000:00:11.0:   bridge window [mem 0xe7b00000-0xe7ffffff 64bit pref]
Oct 22 19:06:34 master1 kernel: [    2.339395] pci 0000:00:11.0:   bridge window [io  0x0000-0x0cf7 window] (subtractive decode)
Oct 22 19:06:34 master1 kernel: [    2.340987] pci 0000:00:11.0:   bridge window [io  0x0d00-0xfeff window] (subtractive decode)
Oct 22 19:06:34 master1 kernel: [    2.343395] pci 0000:00:11.0:   bridge window [mem 0x000a0000-0x000bffff window] (subtractive decode)
Oct 22 19:06:34 master1 kernel: [    2.345108] pci 0000:00:11.0:   bridge window [mem 0x000cc000-0x000dbfff window] (subtractive decode)
Oct 22 19:06:34 master1 kernel: [    2.346829] pci 0000:00:11.0:   bridge window [mem 0xc0000000-0xfebfffff window] (subtractive decode)
Oct 22 19:06:34 master1 kernel: [    2.457048] pci 0000:00:15.0: PCI bridge to [bus 03]
Oct 22 19:06:34 master1 kernel: [    2.458125] pci 0000:00:15.0:   bridge window [io  0x4000-0x4fff]
Oct 22 19:06:34 master1 kernel: [    2.459361] pci 0000:00:15.0:   bridge window [mem 0xfd400000-0xfd4fffff]
Oct 22 19:06:34 master1 kernel: [    2.459488] pci 0000:00:15.0:   bridge window [mem 0xe7a00000-0xe7afffff 64bit pref]
Oct 22 19:06:34 master1 kernel: [    2.569779] pci 0000:00:15.1: PCI bridge to [bus 04]
Oct 22 19:06:34 master1 kernel: [    2.571021] pci 0000:00:15.1:   bridge window [io  0x8000-0x8fff]
Oct 22 19:06:34 master1 kernel: [    2.571452] pci 0000:00:15.1:   bridge window [mem 0xfd000000-0xfd0fffff]
Oct 22 19:06:34 master1 kernel: [    2.573045] pci 0000:00:15.1:   bridge window [mem 0xe7600000-0xe76fffff 64bit pref]
Oct 22 19:06:34 master1 kernel: [    2.684088] pci 0000:00:15.2: PCI bridge to [bus 05]
Oct 22 19:06:34 master1 kernel: [    2.685203] pci 0000:00:15.2:   bridge window [io  0xc000-0xcfff]
Oct 22 19:06:34 master1 kernel: [    2.686445] pci 0000:00:15.2:   bridge window [mem 0xfcc00000-0xfccfffff]
Oct 22 19:06:34 master1 kernel: [    2.687487] pci 0000:00:15.2:   bridge window [mem 0xe7200000-0xe72fffff 64bit pref]
Oct 22 19:06:34 master1 kernel: [    2.797405] pci 0000:00:15.3: PCI bridge to [bus 06]
Oct 22 19:06:34 master1 kernel: [    2.798540] pci 0000:00:15.3:   bridge window [mem 0xfc800000-0xfc8fffff]
Oct 22 19:06:34 master1 kernel: [    2.799487] pci 0000:00:15.3:   bridge window [mem 0xe6e00000-0xe6efffff 64bit pref]
Oct 22 19:06:34 master1 kernel: [    2.909742] pci 0000:00:15.4: PCI bridge to [bus 07]
Oct 22 19:06:34 master1 kernel: [    2.910932] pci 0000:00:15.4:   bridge window [mem 0xfc400000-0xfc4fffff]
Oct 22 19:06:34 master1 kernel: [    2.911487] pci 0000:00:15.4:   bridge window [mem 0xe6a00000-0xe6afffff 64bit pref]
Oct 22 19:06:34 master1 kernel: [    3.020148] pci 0000:00:15.5: PCI bridge to [bus 08]
Oct 22 19:06:34 master1 kernel: [    3.021259] pci 0000:00:15.5:   bridge window [mem 0xfc000000-0xfc0fffff]
Oct 22 19:06:34 master1 kernel: [    3.022640] pci 0000:00:15.5:   bridge window [mem 0xe6600000-0xe66fffff 64bit pref]
Oct 22 19:06:34 master1 kernel: [    3.136130] pci 0000:00:15.6: PCI bridge to [bus 09]
Oct 22 19:06:34 master1 kernel: [    3.137482] pci 0000:00:15.6:   bridge window [mem 0xfbc00000-0xfbcfffff]
Oct 22 19:06:34 master1 kernel: [    3.139029] pci 0000:00:15.6:   bridge window [mem 0xe6200000-0xe62fffff 64bit pref]
Oct 22 19:06:34 master1 kernel: [    3.259815] pci 0000:00:15.7: PCI bridge to [bus 0a]
Oct 22 19:06:34 master1 kernel: [    3.260975] pci 0000:00:15.7:   bridge window [mem 0xfb800000-0xfb8fffff]
Oct 22 19:06:34 master1 kernel: [    3.262504] pci 0000:00:15.7:   bridge window [mem 0xe5e00000-0xe5efffff 64bit pref]
Oct 22 19:06:34 master1 kernel: [    3.374476] pci 0000:00:16.0: PCI bridge to [bus 0b]
Oct 22 19:06:34 master1 kernel: [    3.375445] pci 0000:00:16.0:   bridge window [io  0x5000-0x5fff]
Oct 22 19:06:34 master1 kernel: [    3.376697] pci 0000:00:16.0:   bridge window [mem 0xfd300000-0xfd3fffff]
Oct 22 19:06:34 master1 kernel: [    3.378090] pci 0000:00:16.0:   bridge window [mem 0xe7900000-0xe79fffff 64bit pref]
Oct 22 19:06:34 master1 kernel: [    3.487705] pci 0000:00:16.1: PCI bridge to [bus 0c]
Oct 22 19:06:34 master1 kernel: [    3.488786] pci 0000:00:16.1:   bridge window [io  0x9000-0x9fff]
Oct 22 19:06:34 master1 kernel: [    3.490018] pci 0000:00:16.1:   bridge window [mem 0xfcf00000-0xfcffffff]
Oct 22 19:06:34 master1 kernel: [    3.491394] pci 0000:00:16.1:   bridge window [mem 0xe7500000-0xe75fffff 64bit pref]
Oct 22 19:06:34 master1 kernel: [    3.598261] pci 0000:00:16.2: PCI bridge to [bus 0d]
Oct 22 19:06:34 master1 kernel: [    3.599340] pci 0000:00:16.2:   bridge window [io  0xd000-0xdfff]
Oct 22 19:06:34 master1 kernel: [    3.599442] pci 0000:00:16.2:   bridge window [mem 0xfcb00000-0xfcbfffff]
Oct 22 19:06:34 master1 kernel: [    3.600868] pci 0000:00:16.2:   bridge window [mem 0xe7100000-0xe71fffff 64bit pref]
Oct 22 19:06:34 master1 kernel: [    3.709999] pci 0000:00:16.3: PCI bridge to [bus 0e]
Oct 22 19:06:34 master1 kernel: [    3.711117] pci 0000:00:16.3:   bridge window [mem 0xfc700000-0xfc7fffff]
Oct 22 19:06:34 master1 kernel: [    3.711487] pci 0000:00:16.3:   bridge window [mem 0xe6d00000-0xe6dfffff 64bit pref]
Oct 22 19:06:34 master1 kernel: [    3.820783] pci 0000:00:16.4: PCI bridge to [bus 0f]
Oct 22 19:06:34 master1 kernel: [    3.821895] pci 0000:00:16.4:   bridge window [mem 0xfc300000-0xfc3fffff]
Oct 22 19:06:34 master1 kernel: [    3.823534] pci 0000:00:16.4:   bridge window [mem 0xe6900000-0xe69fffff 64bit pref]
Oct 22 19:06:34 master1 kernel: [    3.930014] pci 0000:00:16.5: PCI bridge to [bus 10]
Oct 22 19:06:34 master1 kernel: [    3.931490] pci 0000:00:16.5:   bridge window [mem 0xfbf00000-0xfbffffff]
Oct 22 19:06:34 master1 kernel: [    3.932891] pci 0000:00:16.5:   bridge window [mem 0xe6500000-0xe65fffff 64bit pref]
Oct 22 19:06:34 master1 kernel: [    4.041586] pci 0000:00:16.6: PCI bridge to [bus 11]
Oct 22 19:06:34 master1 kernel: [    4.042857] pci 0000:00:16.6:   bridge window [mem 0xfbb00000-0xfbbfffff]
Oct 22 19:06:34 master1 kernel: [    4.043487] pci 0000:00:16.6:   bridge window [mem 0xe6100000-0xe61fffff 64bit pref]
Oct 22 19:06:34 master1 kernel: [    4.151396] pci 0000:00:16.7: PCI bridge to [bus 12]
Oct 22 19:06:34 master1 kernel: [    4.152505] pci 0000:00:16.7:   bridge window [mem 0xfb700000-0xfb7fffff]
Oct 22 19:06:34 master1 kernel: [    4.153877] pci 0000:00:16.7:   bridge window [mem 0xe5d00000-0xe5dfffff 64bit pref]
Oct 22 19:06:34 master1 kernel: [    4.264883] pci 0000:00:17.0: PCI bridge to [bus 13]
Oct 22 19:06:34 master1 kernel: [    4.266077] pci 0000:00:17.0:   bridge window [io  0x6000-0x6fff]
Oct 22 19:06:34 master1 kernel: [    4.267392] pci 0000:00:17.0:   bridge window [mem 0xfd200000-0xfd2fffff]
Oct 22 19:06:34 master1 kernel: [    4.267487] pci 0000:00:17.0:   bridge window [mem 0xe7800000-0xe78fffff 64bit pref]
